Archive member included to satisfy reference by file (symbol)

d:/stm32/gcc-arm-none-eabi-9-2019-q4-major-win32/bin/../lib/gcc/arm-none-eabi/9.2.1/thumb/v7-m/nofp\libgcc.a(_arm_mulsf3.o)
                              CMakeFiles/HAL_STM32F103ZET6.elf.dir/Src/oled.c.obj (__aeabi_fmul)
d:/stm32/gcc-arm-none-eabi-9-2019-q4-major-win32/bin/../lib/gcc/arm-none-eabi/9.2.1/thumb/v7-m/nofp\libgcc.a(_arm_addsubdf3.o)
                              CMakeFiles/HAL_STM32F103ZET6.elf.dir/Src/bh1750.c.obj (__aeabi_f2d)
d:/stm32/gcc-arm-none-eabi-9-2019-q4-major-win32/bin/../lib/gcc/arm-none-eabi/9.2.1/thumb/v7-m/nofp\libgcc.a(_arm_muldivdf3.o)
                              CMakeFiles/HAL_STM32F103ZET6.elf.dir/Src/bh1750.c.obj (__aeabi_ddiv)
d:/stm32/gcc-arm-none-eabi-9-2019-q4-major-win32/bin/../lib/gcc/arm-none-eabi/9.2.1/thumb/v7-m/nofp\libgcc.a(_arm_fixunsdfsi.o)
                              CMakeFiles/HAL_STM32F103ZET6.elf.dir/Src/bh1750.c.obj (__aeabi_d2uiz)
d:/stm32/gcc-arm-none-eabi-9-2019-q4-major-win32/bin/../lib/gcc/arm-none-eabi/9.2.1/thumb/v7-m/nofp\libgcc.a(_arm_addsubsf3.o)
                              CMakeFiles/HAL_STM32F103ZET6.elf.dir/Src/bh1750.c.obj (__aeabi_ui2f)
d:/stm32/gcc-arm-none-eabi-9-2019-q4-major-win32/bin/../lib/gcc/arm-none-eabi/9.2.1/thumb/v7-m/nofp\libgcc.a(_arm_cmpsf2.o)
                              CMakeFiles/HAL_STM32F103ZET6.elf.dir/Src/oled.c.obj (__aeabi_fcmplt)
d:/stm32/gcc-arm-none-eabi-9-2019-q4-major-win32/bin/../lib/gcc/arm-none-eabi/9.2.1/thumb/v7-m/nofp\libgcc.a(_arm_fixunssfsi.o)
                              CMakeFiles/HAL_STM32F103ZET6.elf.dir/Src/oled.c.obj (__aeabi_f2uiz)
d:/stm32/gcc-arm-none-eabi-9-2019-q4-major-win32/bin/../lib/gcc/arm-none-eabi/9.2.1/../../../../arm-none-eabi/lib/thumb/v7-m/nofp\libg.a(lib_a-errno.o)
                              CMakeFiles/HAL_STM32F103ZET6.elf.dir/Src/syscalls.c.obj (__errno)
d:/stm32/gcc-arm-none-eabi-9-2019-q4-major-win32/bin/../lib/gcc/arm-none-eabi/9.2.1/../../../../arm-none-eabi/lib/thumb/v7-m/nofp\libg.a(lib_a-exit.o)
                              d:/stm32/gcc-arm-none-eabi-9-2019-q4-major-win32/bin/../lib/gcc/arm-none-eabi/9.2.1/../../../../arm-none-eabi/lib/thumb/v7-m/nofp/crt0.o (exit)
d:/stm32/gcc-arm-none-eabi-9-2019-q4-major-win32/bin/../lib/gcc/arm-none-eabi/9.2.1/../../../../arm-none-eabi/lib/thumb/v7-m/nofp\libg.a(lib_a-impure.o)
                              d:/stm32/gcc-arm-none-eabi-9-2019-q4-major-win32/bin/../lib/gcc/arm-none-eabi/9.2.1/../../../../arm-none-eabi/lib/thumb/v7-m/nofp\libg.a(lib_a-exit.o) (_global_impure_ptr)
d:/stm32/gcc-arm-none-eabi-9-2019-q4-major-win32/bin/../lib/gcc/arm-none-eabi/9.2.1/../../../../arm-none-eabi/lib/thumb/v7-m/nofp\libg.a(lib_a-init.o)
                              d:/stm32/gcc-arm-none-eabi-9-2019-q4-major-win32/bin/../lib/gcc/arm-none-eabi/9.2.1/../../../../arm-none-eabi/lib/thumb/v7-m/nofp/crt0.o (__libc_init_array)
d:/stm32/gcc-arm-none-eabi-9-2019-q4-major-win32/bin/../lib/gcc/arm-none-eabi/9.2.1/../../../../arm-none-eabi/lib/thumb/v7-m/nofp\libg.a(lib_a-memset.o)
                              d:/stm32/gcc-arm-none-eabi-9-2019-q4-major-win32/bin/../lib/gcc/arm-none-eabi/9.2.1/../../../../arm-none-eabi/lib/thumb/v7-m/nofp/crt0.o (memset)
d:/stm32/gcc-arm-none-eabi-9-2019-q4-major-win32/bin/../lib/gcc/arm-none-eabi/9.2.1/../../../../arm-none-eabi/lib/thumb/v7-m/nofp\libg.a(lib_a-printf.o)
                              CMakeFiles/HAL_STM32F103ZET6.elf.dir/Src/esp8266.c.obj (printf)
d:/stm32/gcc-arm-none-eabi-9-2019-q4-major-win32/bin/../lib/gcc/arm-none-eabi/9.2.1/../../../../arm-none-eabi/lib/thumb/v7-m/nofp\libg.a(lib_a-puts.o)
                              CMakeFiles/HAL_STM32F103ZET6.elf.dir/Src/main.c.obj (puts)
d:/stm32/gcc-arm-none-eabi-9-2019-q4-major-win32/bin/../lib/gcc/arm-none-eabi/9.2.1/../../../../arm-none-eabi/lib/thumb/v7-m/nofp\libg.a(lib_a-snprintf.o)
                              CMakeFiles/HAL_STM32F103ZET6.elf.dir/Src/main.c.obj (snprintf)
d:/stm32/gcc-arm-none-eabi-9-2019-q4-major-win32/bin/../lib/gcc/arm-none-eabi/9.2.1/../../../../arm-none-eabi/lib/thumb/v7-m/nofp\libg.a(lib_a-strlen-stub.o)
                              CMakeFiles/HAL_STM32F103ZET6.elf.dir/Src/esp8266.c.obj (strlen)
d:/stm32/gcc-arm-none-eabi-9-2019-q4-major-win32/bin/../lib/gcc/arm-none-eabi/9.2.1/../../../../arm-none-eabi/lib/thumb/v7-m/nofp\libg.a(lib_a-strstr.o)
                              CMakeFiles/HAL_STM32F103ZET6.elf.dir/Src/esp8266.c.obj (strstr)
d:/stm32/gcc-arm-none-eabi-9-2019-q4-major-win32/bin/../lib/gcc/arm-none-eabi/9.2.1/../../../../arm-none-eabi/lib/thumb/v7-m/nofp\libg.a(lib_a-svfprintf.o)
                              d:/stm32/gcc-arm-none-eabi-9-2019-q4-major-win32/bin/../lib/gcc/arm-none-eabi/9.2.1/../../../../arm-none-eabi/lib/thumb/v7-m/nofp\libg.a(lib_a-snprintf.o) (_svfprintf_r)
d:/stm32/gcc-arm-none-eabi-9-2019-q4-major-win32/bin/../lib/gcc/arm-none-eabi/9.2.1/../../../../arm-none-eabi/lib/thumb/v7-m/nofp\libg.a(lib_a-vfprintf.o)
[...]
Memory Configuration

Name             Origin             Length             Attributes
RAM              0x20000000         0x00010000         xrw
FLASH            0x08000000         0x00080000         xr
*default*        0x00000000         0xffffffff

Linker script and memory map

LOAD d:/stm32/gcc-arm-none-eabi-9-2019-q4-major-win32/bin/../lib/gcc/arm-none-eabi/9.2.1/thumb/v7-m/nofp/crti.o
LOAD d:/stm32/gcc-arm-none-eabi-9-2019-q4-major-win32/bin/../lib/gcc/arm-none-eabi/9.2.1/thumb/v7-m/nofp/crtbegin.o
LOAD d:/stm32/gcc-arm-none-eabi-9-2019-q4-major-win32/bin/../lib/gcc/arm-none-eabi/9.2.1/../../../../arm-none-eabi/lib/thumb/v7-m/nofp/crt0.o
LOAD CMakeFiles/HAL_STM32F103ZET6.elf.dir/Drivers/STM32F1xx_HAL_Driver/Src/stm32f1xx_hal.c.obj
LOAD CMakeFiles/HAL_STM32F103ZET6.elf.dir/Drivers/STM32F1xx_HAL_Driver/Src/stm32f1xx_hal_cortex.c.obj
LOAD CMakeFiles/HAL_STM32F103ZET6.elf.dir/Drivers/STM32F1xx_HAL_Driver/Src/stm32f1xx_hal_dma.c.obj
LOAD CMakeFiles/HAL_STM32F103ZET6.elf.dir/Drivers/STM32F1xx_HAL_Driver/Src/stm32f1xx_hal_exti.c.obj
LOAD CMakeFiles/HAL_STM32F103ZET6.elf.dir/Drivers/STM32F1xx_HAL_Driver/Src/stm32f1xx_hal_flash.c.obj
LOAD CMakeFiles/HAL_STM32F103ZET6.elf.dir/Drivers/STM32F1xx_HAL_Driver/Src/stm32f1xx_hal_flash_ex.c.obj
LOAD CMakeFiles/HAL_STM32F103ZET6.elf.dir/Drivers/STM32F1xx_HAL_Driver/Src/stm32f1xx_hal_gpio.c.obj
LOAD CMakeFiles/HAL_STM32F103ZET6.elf.dir/Drivers/STM32F1xx_HAL_Driver/Src/stm32f1xx_hal_gpio_ex.c.obj
LOAD CMakeFiles/HAL_STM32F103ZET6.elf.dir/Drivers/STM32F1xx_HAL_Driver/Src/stm32f1xx_hal_i2c.c.obj
LOAD CMakeFiles/HAL_STM32F103ZET6.elf.dir/Drivers/STM32F1xx_HAL_Driver/Src/stm32f1xx_hal_pwr.c.obj
LOAD CMakeFiles/HAL_STM32F103ZET6.elf.dir/Drivers/STM32F1xx_HAL_Driver/Src/stm32f1xx_hal_rcc.c.obj
LOAD CMakeFiles/HAL_STM32F103ZET6.elf.dir/Drivers/STM32F1xx_HAL_Driver/Src/stm32f1xx_hal_rcc_ex.c.obj
LOAD CMakeFiles/HAL_STM32F103ZET6.elf.dir/Drivers/STM32F1xx_HAL_Driver/Src/stm32f1xx_hal_rtc.c.obj
LOAD CMakeFiles/HAL_STM32F103ZET6.elf.dir/Drivers/STM32F1xx_HAL_Driver/Src/stm32f1xx_hal_rtc_ex.c.obj
LOAD CMakeFiles/HAL_STM32F103ZET6.elf.dir/Drivers/STM32F1xx_HAL_Driver/Src/stm32f1xx_hal_tim.c.obj
LOAD CMakeFiles/HAL_STM32F103ZET6.elf.dir/Drivers/STM32F1xx_HAL_Driver/Src/stm32f1xx_hal_tim_ex.c.obj
LOAD CMakeFiles/HAL_STM32F103ZET6.elf.dir/Drivers/STM32F1xx_HAL_Driver/Src/stm32f1xx_hal_uart.c.obj
LOAD CMakeFiles/HAL_STM32F103ZET6.elf.dir/Src/aliyun.c.obj
LOAD CMakeFiles/HAL_STM32F103ZET6.elf.dir/Src/bh1750.c.obj
LOAD CMakeFiles/HAL_STM32F103ZET6.elf.dir/Src/dht11.c.obj
LOAD CMakeFiles/HAL_STM32F103ZET6.elf.dir/Src/dma.c.obj
LOAD CMakeFiles/HAL_STM32F103ZET6.elf.dir/Src/esp8266.c.obj
LOAD CMakeFiles/HAL_STM32F103ZET6.elf.dir/Src/gpio.c.obj
LOAD CMakeFiles/HAL_STM32F103ZET6.elf.dir/Src/i2c.c.obj
LOAD CMakeFiles/HAL_STM32F103ZET6.elf.dir/Src/main.c.obj
LOAD CMakeFiles/HAL_STM32F103ZET6.elf.dir/Src/oled.c.obj
LOAD CMakeFiles/HAL_STM32F103ZET6.elf.dir/Src/oledfont.c.obj
LOAD CMakeFiles/HAL_STM32F103ZET6.elf.dir/Src/rtc.c.obj
LOAD CMakeFiles/HAL_STM32F103ZET6.elf.dir/Src/sgp30.c.obj
LOAD CMakeFiles/HAL_STM32F103ZET6.elf.dir/Src/stm32f1xx_hal_msp.c.obj
LOAD CMakeFiles/HAL_STM32F103ZET6.elf.dir/Src/stm32f1xx_it.c.obj
LOAD CMakeFiles/HAL_STM32F103ZET6.elf.dir/Src/syscalls.c.obj
LOAD CMakeFiles/HAL_STM32F103ZET6.elf.dir/Src/system_stm32f1xx.c.obj
LOAD CMakeFiles/HAL_STM32F103ZET6.elf.dir/Src/tim.c.obj
LOAD CMakeFiles/HAL_STM32F103ZET6.elf.dir/Src/usart.c.obj
LOAD CMakeFiles/HAL_STM32F103ZET6.elf.dir/startup/startup_stm32f103xe.s.obj
START GROUP
LOAD d:/stm32/gcc-arm-none-eabi-9-2019-q4-major-win32/bin/../lib/gcc/arm-none-eabi/9.2.1/thumb/v7-m/nofp\libgcc.a
LOAD d:/stm32/gcc-arm-none-eabi-9-2019-q4-major-win32/bin/../lib/gcc/arm-none-eabi/9.2.1/../../../../arm-none-eabi/lib/thumb/v7-m/nofp\libg.a
LOAD d:/stm32/gcc-arm-none-eabi-9-2019-q4-major-win32/bin/../lib/gcc/arm-none-eabi/9.2.1/../../../../arm-none-eabi/lib/thumb/v7-m/nofp\libc.a
END GROUP
LOAD d:/stm32/gcc-arm-none-eabi-9-2019-q4-major-win32/bin/../lib/gcc/arm-none-eabi/9.2.1/thumb/v7-m/nofp/crtend.o
LOAD d:/stm32/gcc-arm-none-eabi-9-2019-q4-major-win32/bin/../lib/gcc/arm-none-eabi/9.2.1/thumb/v7-m/nofp/crtn.o
                0x20010000                _estack = (ORIGIN (RAM) + LENGTH (RAM))
                0x00000200                _Min_Heap_Size = 0x200
                0x00000400                _Min_Stack_Size = 0x400

.isr_vector     0x08000000      0x1e4
                0x08000000                . = ALIGN (0x4)
 *(.isr_vector)
 .isr_vector    0x08000000      0x1e4 CMakeFiles/HAL_STM32F103ZET6.elf.dir/startup/startup_stm32f103xe.s.obj
                0x08000000                g_pfnVectors
                0x080001e4                . = ALIGN (0x4)

.text           0x080001e8     0xc0b4
                0x080001e8                . = ALIGN (0x4)
 *(.text)
 .text          0x080001e8       0x40 d:/stm32/gcc-arm-none-eabi-9-2019-q4-major-win32/bin/../lib/gcc/arm-none-eabi/9.2.1/thumb/v7-m/nofp/crtbegin.o
 .text          0x08000228      0x378 d:/stm32/gcc-arm-none-eabi-9-2019-q4-major-win32/bin/../lib/gcc/arm-none-eabi/9.2.1/thumb/v7-m/nofp\libgcc.a(_arm_addsubdf3.o)
                0x08000228                __aeabi_drsub
                0x08000230                __aeabi_dsub
                0x08000230                __subdf3
                0x08000234                __aeabi_dadd
                0x08000234                __adddf3
                0x080004ac                __floatunsidf
                0x080004ac                __aeabi_ui2d
                0x080004cc                __floatsidf
                0x080004cc                __aeabi_i2d
                0x080004f0                __aeabi_f2d
                0x080004f0                __extendsfdf2
                0x08000534                __floatundidf
                0x08000534                __aeabi_ul2d
                0x08000544                __floatdidf
                0x08000544                __aeabi_l2d
 .text          0x080005a0      0x424 d:/stm32/gcc-arm-none-eabi-9-2019-q4-major-win32/bin/../lib/gcc/arm-none-eabi/9.2.1/thumb/v7-m/nofp\libgcc.a(_arm_muldivdf3.o)
                0x080005a0                __aeabi_dmul
                0x080005a0                __muldf3
                0x080007f4                __divdf3
                0x080007f4                __aeabi_ddiv
 .text          0x080009c4       0x40 d:/stm32/gcc-arm-none-eabi-9-2019-q4-major-win32/bin/../lib/gcc/arm-none-eabi/9.2.1/thumb/v7-m/nofp\libgcc.a(_arm_fixunsdfsi.o)
                0x080009c4                __aeabi_d2uiz
                0x080009c4                __fixunsdfsi
 .text          0x08000a04      0x21c d:/stm32/gcc-arm-none-eabi-9-2019-q4-major-win32/bin/../lib/gcc/arm-none-eabi/9.2.1/thumb/v7-m/nofp\libgcc.a(_arm_addsubsf3.o)
                0x08000a04                __aeabi_frsub
                0x08000a0c                __subsf3
                0x08000a0c                __aeabi_fsub
                0x08000a10                __aeabi_fadd
                0x08000a10                __addsf3
                0x08000b70                __aeabi_ui2f
                0x08000b70                __floatunsisf
                0x08000b78                __aeabi_i2f
                0x08000b78                __floatsisf
                0x08000b94                __aeabi_ul2f
                0x08000b94                __floatundisf
                0x08000ba4                __aeabi_l2f
                0x08000ba4                __floatdisf
 .text          0x08000c20       0xec d:/stm32/gcc-arm-none-eabi-9-2019-q4-major-win32/bin/../lib/gcc/arm-none-eabi/9.2.1/../../../../arm-none-eabi/lib/thumb/v7-m/nofp\libg.a(lib_a-memcpy.o)
                0x08000c20                memcpy
 .text          0x08000d0c      0x110 d:/stm32/gcc-arm-none-eabi-9-2019-q4-major-win32/bin/../lib/gcc/arm-none-eabi/9.2.1/thumb/v7-m/nofp\libgcc.a(_arm_cmpdf2.o)
                0x08000d0c                __gtdf2
                0x08000d0c                __gedf2
                0x08000d14                __ltdf2
                0x08000d14                __ledf2
                0x08000d1c                __nedf2
                0x08000d1c                __eqdf2
                0x08000d1c                __cmpdf2
                0x08000d98                __aeabi_cdrcmple
                0x08000da8                __aeabi_cdcmpeq
                0x08000da8                __aeabi_cdcmple
                0x08000db8                __aeabi_dcmpeq
                0x08000dcc                __aeabi_dcmplt
                0x08000de0                __aeabi_dcmple
                0x08000df4                __aeabi_dcmpge
                0x08000e08                __aeabi_dcmpgt
 .text          0x08000e1c       0x2c d:/stm32/gcc-arm-none-eabi-9-2019-q4-major-win32/bin/../lib/gcc/arm-none-eabi/9.2.1/thumb/v7-m/nofp\libgcc.a(_arm_unorddf2.o)
                0x08000e1c                __unorddf2
                0x08000e1c                __aeabi_dcmpun
 .text          0x08000e48       0x50 d:/stm32/gcc-arm-none-eabi-9-2019-q4-major-win32/bin/../lib/gcc/arm-none-eabi/9.2.1/thumb/v7-m/nofp\libgcc.a(_arm_fixdfsi.o)
                0x08000e48                __aeabi_d2iz
                0x08000e48                __fixdfsi
 .text          0x08000e98       0x30 d:/stm32/gcc-arm-none-eabi-9-2019-q4-major-win32/bin/../lib/gcc/arm-none-eabi/9.2.1/thumb/v7-m/nofp\libgcc.a(_aeabi_uldivmod.o)
                0x08000e98                __aeabi_uldivmod
 .text          0x08000ec8      0x2c4 d:/stm32/gcc-arm-none-eabi-9-2019-q4-major-win32/bin/../lib/gcc/arm-none-eabi/9.2.1/thumb/v7-m/nofp\libgcc.a(_udivmoddi4.o)
                0x08000ec8                __udivmoddi4
 .text          0x0800118c        0x4 d:/stm32/gcc-arm-none-eabi-9-2019-q4-major-win32/bin/../lib/gcc/arm-none-eabi/9.2.1/thumb/v7-m/nofp\libgcc.a(_dvmd_tls.o)
                0x0800118c                __aeabi_idiv0
                0x0800118c                __aeabi_ldiv0
 *(.text*)
 .text.HAL_InitTick
                0x08001190       0x4c CMakeFiles/HAL_STM32F103ZET6.elf.dir/Drivers/STM32F1xx_HAL_Driver/Src/stm32f1xx_hal.c.obj
                0x08001190                HAL_InitTick
 .text.HAL_Init
                0x080011dc       0x24 CMakeFiles/HAL_STM32F103ZET6.elf.dir/Drivers/STM32F1xx_HAL_Driver/Src/stm32f1xx_hal.c.obj
                0x080011dc                HAL_Init
 .text.HAL_IncTick
                0x08001200       0x18 CMakeFiles/HAL_STM32F103ZET6.elf.dir/Drivers/STM32F1xx_HAL_Driver/Src/stm32f1xx_hal.c.obj
                0x08001200                HAL_IncTick
 .text.HAL_GetTick
                0x08001218        0xc CMakeFiles/HAL_STM32F103ZET6.elf.dir/Drivers/STM32F1xx_HAL_Driver/Src/stm32f1xx_hal.c.obj
                0x08001218                HAL_GetTick
 .text.HAL_Delay
                0x08001224       0x28 CMakeFiles/HAL_STM32F103ZET6.elf.dir/Drivers/STM32F1xx_HAL_Driver/Src/stm32f1xx_hal.c.obj
                0x08001224                HAL_Delay
 .text.HAL_NVIC_SetPriorityGrouping
                0x0800124c       0x24 CMakeFiles/HAL_STM32F103ZET6.elf.dir/Drivers/STM32F1xx_HAL_Driver/Src/stm32f1xx_hal_cortex.c.obj
                0x0800124c                HAL_NVIC_SetPriorityGrouping
 .text.HAL_NVIC_SetPriority
                0x08001270       0x68 CMakeFiles/HAL_STM32F103ZET6.elf.dir/Drivers/STM32F1xx_HAL_Driver/Src/stm32f1xx_hal_cortex.c.obj
                0x08001270                HAL_NVIC_SetPriority
 .text.HAL_NVIC_EnableIRQ
                0x080012d8       0x1c CMakeFiles/HAL_STM32F103ZET6.elf.dir/Drivers/STM32F1xx_HAL_Driver/Src/stm32f1xx_hal_cortex.c.obj
                0x080012d8                HAL_NVIC_EnableIRQ
 .text.HAL_SYSTICK_Config
                0x080012f4       0x2c CMakeFiles/HAL_STM32F103ZET6.elf.dir/Drivers/STM32F1xx_HAL_Driver/Src/stm32f1xx_hal_cortex.c.obj
                0x080012f4                HAL_SYSTICK_Config
 .text.DMA_SetConfig
                0x08001320       0x2c CMakeFiles/HAL_STM32F103ZET6.elf.dir/Drivers/STM32F1xx_HAL_Driver/Src/stm32f1xx_hal_dma.c.obj
 .text.HAL_DMA_Init
                0x0800134c       0x98 CMakeFiles/HAL_STM32F103ZET6.elf.dir/Drivers/STM32F1xx_HAL_Driver/Src/stm32f1xx_hal_dma.c.obj
                0x0800134c                HAL_DMA_Init
 .text.HAL_DMA_Start_IT
                0x080013e4       0x76 CMakeFiles/HAL_STM32F103ZET6.elf.dir/Drivers/STM32F1xx_HAL_Driver/Src/stm32f1xx_hal_dma.c.obj
                0x080013e4                HAL_DMA_Start_IT
 .text.HAL_DMA_Abort
                0x0800145a       0x46 CMakeFiles/HAL_STM32F103ZET6.elf.dir/Drivers/STM32F1xx_HAL_Driver/Src/stm32f1xx_hal_dma.c.obj
                0x0800145a                HAL_DMA_Abort
 .text.HAL_DMA_Abort_IT
                0x080014a0      0x16c CMakeFiles/HAL_STM32F103ZET6.elf.dir/Drivers/STM32F1xx_HAL_Driver/Src/stm32f1xx_hal_dma.c.obj
                0x080014a0                HAL_DMA_Abort_IT
 .text.HAL_DMA_IRQHandler
                0x0800160c      0x2ec CMakeFiles/HAL_STM32F103ZET6.elf.dir/Drivers/STM32F1xx_HAL_Driver/Src/stm32f1xx_hal_dma.c.obj
                0x0800160c                HAL_DMA_IRQHandler
 .text.HAL_GPIO_Init
                0x080018f8      0x238 CMakeFiles/HAL_STM32F103ZET6.elf.dir/Drivers/STM32F1xx_HAL_Driver/Src/stm32f1xx_hal_gpio.c.obj
                0x080018f8                HAL_GPIO_Init
 .text.HAL_GPIO_ReadPin
                0x08001b30        0xe CMakeFiles/HAL_STM32F103ZET6.elf.dir/Drivers/STM32F1xx_HAL_Driver/Src/stm32f1xx_hal_gpio.c.obj
                0x08001b30                HAL_GPIO_ReadPin
 .text.HAL_GPIO_WritePin
                0x08001b3e        0xc CMakeFiles/HAL_STM32F103ZET6.elf.dir/Drivers/STM32F1xx_HAL_Driver/Src/stm32f1xx_hal_gpio.c.obj
                0x08001b3e                HAL_GPIO_WritePin
 .text.I2C_IsAcknowledgeFailed
                0x08001b4a       0x32 CMakeFiles/HAL_STM32F103ZET6.elf.dir/Drivers/STM32F1xx_HAL_Driver/Src/stm32f1xx_hal_i2c.c.obj
 .text.I2C_WaitOnFlagUntilTimeout
                0x08001b7c       0xb2 CMakeFiles/HAL_STM32F103ZET6.elf.dir/Drivers/STM32F1xx_HAL_Driver/Src/stm32f1xx_hal_i2c.c.obj
 .text.I2C_WaitOnMasterAddressFlagUntilTimeout
                0x08001c2e       0xd6 CMakeFiles/HAL_STM32F103ZET6.elf.dir/Drivers/STM32F1xx_HAL_Driver/Src/stm32f1xx_hal_i2c.c.obj
 .text.I2C_WaitOnTXEFlagUntilTimeout
                0x08001d04       0x5e CMakeFiles/HAL_STM32F103ZET6.elf.dir/Drivers/STM32F1xx_HAL_Driver/Src/stm32f1xx_hal_i2c.c.obj
 *fill*         0x08001d62        0x2 
 .text.I2C_RequestMemoryWrite
                0x08001d64       0xd8 CMakeFiles/HAL_STM32F103ZET6.elf.dir/Drivers/STM32F1xx_HAL_Driver/Src/stm32f1xx_hal_i2c.c.obj
 .text.I2C_WaitOnBTFFlagUntilTimeout
                0x08001e3c       0x5e CMakeFiles/HAL_STM32F103ZET6.elf.dir/Drivers/STM32F1xx_HAL_Driver/Src/stm32f1xx_hal_i2c.c.obj
 *fill*         0x08001e9a        0x2 
 .text.HAL_I2C_Init
                0x08001e9c      0x1bc CMakeFiles/HAL_STM32F103ZET6.elf.dir/Drivers/STM32F1xx_HAL_Driver/Src/stm32f1xx_hal_i2c.c.obj
                0x08001e9c                HAL_I2C_Init
 .text.HAL_I2C_Mem_Write
                0x08002058      0x164 CMakeFiles/HAL_STM32F103ZET6.elf.dir/Drivers/STM32F1xx_HAL_Driver/Src/stm32f1xx_hal_i2c.c.obj
                0x08002058                HAL_I2C_Mem_Write
 .text.HAL_PWR_EnableBkUpAccess
                0x080021bc        0xc CMakeFiles/HAL_STM32F103ZET6.elf.dir/Drivers/STM32F1xx_HAL_Driver/Src/stm32f1xx_hal_pwr.c.obj
                0x080021bc                HAL_PWR_EnableBkUpAccess
 .text.RCC_Delay
                0x080021c8       0x2c CMakeFiles/HAL_STM32F103ZET6.elf.dir/Drivers/STM32F1xx_HAL_Driver/Src/stm32f1xx_hal_rcc.c.obj
 .text.HAL_RCC_OscConfig
                0x080021f4      0x410 CMakeFiles/HAL_STM32F103ZET6.elf.dir/Drivers/STM32F1xx_HAL_Driver/Src/stm32f1xx_hal_rcc.c.obj
                0x080021f4                HAL_RCC_OscConfig
 .text.HAL_RCC_GetSysClockFreq
                0x08002604       0x54 CMakeFiles/HAL_STM32F103ZET6.elf.dir/Drivers/STM32F1xx_HAL_Driver/Src/stm32f1xx_hal_rcc.c.obj
                0x08002604                HAL_RCC_GetSysClockFreq
 .text.HAL_RCC_ClockConfig
                0x08002658      0x16c CMakeFiles/HAL_STM32F103ZET6.elf.dir/Drivers/STM32F1xx_HAL_Driver/Src/stm32f1xx_hal_rcc.c.obj
                0x08002658                HAL_RCC_ClockConfig
 .text.HAL_RCC_GetHCLKFreq
                0x080027c4        0xc CMakeFiles/HAL_STM32F103ZET6.elf.dir/Drivers/STM32F1xx_HAL_Driver/Src/stm32f1xx_hal_rcc.c.obj
                0x080027c4                HAL_RCC_GetHCLKFreq
 .text.HAL_RCC_GetPCLK1Freq
                0x080027d0       0x20 CMakeFiles/HAL_STM32F103ZET6.elf.dir/Drivers/STM32F1xx_HAL_Driver/Src/stm32f1xx_hal_rcc.c.obj
                0x080027d0                HAL_RCC_GetPCLK1Freq
 .text.HAL_RCC_GetPCLK2Freq
                0x080027f0       0x20 CMakeFiles/HAL_STM32F103ZET6.elf.dir/Drivers/STM32F1xx_HAL_Driver/Src/stm32f1xx_hal_rcc.c.obj
                0x080027f0                HAL_RCC_GetPCLK2Freq
 .text.HAL_RCCEx_PeriphCLKConfig
                0x08002810      0x114 CMakeFiles/HAL_STM32F103ZET6.elf.dir/Drivers/STM32F1xx_HAL_Driver/Src/stm32f1xx_hal_rcc_ex.c.obj
                0x08002810                HAL_RCCEx_PeriphCLKConfig
 .text.HAL_RCCEx_GetPeriphCLKFreq
                0x08002924       0xf4 CMakeFiles/HAL_STM32F103ZET6.elf.dir/Drivers/STM32F1xx_HAL_Driver/Src/stm32f1xx_hal_rcc_ex.c.obj
                0x08002924                HAL_RCCEx_GetPeriphCLKFreq
 .text.RTC_EnterInitMode
                0x08002a18       0x30 CMakeFiles/HAL_STM32F103ZET6.elf.dir/Drivers/STM32F1xx_HAL_Driver/Src/stm32f1xx_hal_rtc.c.obj
 .text.RTC_ExitInitMode
                0x08002a48       0x32 CMakeFiles/HAL_STM32F103ZET6.elf.dir/Drivers/STM32F1xx_HAL_Driver/Src/stm32f1xx_hal_rtc.c.obj
 .text.HAL_RTC_WaitForSynchro
                0x08002a7a       0x38 CMakeFiles/HAL_STM32F103ZET6.elf.dir/Drivers/STM32F1xx_HAL_Driver/Src/stm32f1xx_hal_rtc.c.obj
                0x08002a7a                HAL_RTC_WaitForSynchro
 *fill*         0x08002ab2        0x2 
 .text.HAL_RTC_Init
                0x08002ab4       0xb0 CMakeFiles/HAL_STM32F103ZET6.elf.dir/Drivers/STM32F1xx_HAL_Driver/Src/stm32f1xx_hal_rtc.c.obj
                0x08002ab4                HAL_RTC_Init
 .text.TIM_TI1_ConfigInputStage
                0x08002b64       0x24 CMakeFiles/HAL_STM32F103ZET6.elf.dir/Drivers/STM32F1xx_HAL_Driver/Src/stm32f1xx_hal_tim.c.obj
 .text.TIM_TI2_ConfigInputStage
                0x08002b88       0x26 CMakeFiles/HAL_STM32F103ZET6.elf.dir/Drivers/STM32F1xx_HAL_Driver/Src/stm32f1xx_hal_tim.c.obj
 .text.TIM_ITRx_SetConfig
                0x08002bae       0x10 CMakeFiles/HAL_STM32F103ZET6.elf.dir/Drivers/STM32F1xx_HAL_Driver/Src/stm32f1xx_hal_tim.c.obj
 *fill*         0x08002bbe        0x2 
 .text.HAL_TIM_Base_Start
                0x08002bc0       0x6c CMakeFiles/HAL_STM32F103ZET6.elf.dir/Drivers/STM32F1xx_HAL_Driver/Src/stm32f1xx_hal_tim.c.obj
                0x08002bc0                HAL_TIM_Base_Start
 .text.HAL_TIM_Base_Stop
                0x08002c2c       0x28 CMakeFiles/HAL_STM32F103ZET6.elf.dir/Drivers/STM32F1xx_HAL_Driver/Src/stm32f1xx_hal_tim.c.obj
                0x08002c2c                HAL_TIM_Base_Stop
 .text.TIM_Base_SetConfig
                0x08002c54       0x98 CMakeFiles/HAL_STM32F103ZET6.elf.dir/Drivers/STM32F1xx_HAL_Driver/Src/stm32f1xx_hal_tim.c.obj
                0x08002c54                TIM_Base_SetConfig
 .text.HAL_TIM_Base_Init
                0x08002cec       0x58 CMakeFiles/HAL_STM32F103ZET6.elf.dir/Drivers/STM32F1xx_HAL_Driver/Src/stm32f1xx_hal_tim.c.obj
                0x08002cec                HAL_TIM_Base_Init
 .text.TIM_ETR_SetConfig
                0x08002d44       0x16 CMakeFiles/HAL_STM32F103ZET6.elf.dir/Drivers/STM32F1xx_HAL_Driver/Src/stm32f1xx_hal_tim.c.obj
                0x08002d44                TIM_ETR_SetConfig
 .text.HAL_TIM_ConfigClockSource
                0x08002d5a       0xfe CMakeFiles/HAL_STM32F103ZET6.elf.dir/Drivers/STM32F1xx_HAL_Driver/Src/stm32f1xx_hal_tim.c.obj
                0x08002d5a                HAL_TIM_ConfigClockSource
 .text.HAL_TIMEx_MasterConfigSynchronization
                0x08002e58       0x78 CMakeFiles/HAL_STM32F103ZET6.elf.dir/Drivers/STM32F1xx_HAL_Driver/Src/stm32f1xx_hal_tim_ex.c.obj
                0x08002e58                HAL_TIMEx_MasterConfigSynchronization
 .text.UART_EndTxTransfer
                0x08002ed0       0x20 CMakeFiles/HAL_STM32F103ZET6.elf.dir/Drivers/STM32F1xx_HAL_Driver/Src/stm32f1xx_hal_uart.c.obj
 .text.UART_EndRxTransfer
                0x08002ef0       0x5c CMakeFiles/HAL_STM32F103ZET6.elf.dir/Drivers/STM32F1xx_HAL_Driver/Src/stm32f1xx_hal_uart.c.obj
 .text.UART_Transmit_IT
                0x08002f4c       0x60 CMakeFiles/HAL_STM32F103ZET6.elf.dir/Drivers/STM32F1xx_HAL_Driver/Src/stm32f1xx_hal_uart.c.obj
 .text.UART_SetConfig
                0x08002fac       0x90 CMakeFiles/HAL_STM32F103ZET6.elf.dir/Drivers/STM32F1xx_HAL_Driver/Src/stm32f1xx_hal_uart.c.obj
 .text.UART_WaitOnFlagUntilTimeout
                0x0800303c       0x84 CMakeFiles/HAL_STM32F103ZET6.elf.dir/Drivers/STM32F1xx_HAL_Driver/Src/stm32f1xx_hal_uart.c.obj
 .text.HAL_UART_Init
                0x080030c0       0x60 CMakeFiles/HAL_STM32F103ZET6.elf.dir/Drivers/STM32F1xx_HAL_Driver/Src/stm32f1xx_hal_uart.c.obj
                0x080030c0                HAL_UART_Init
 .text.HAL_UART_Transmit
                0x08003120       0xbe CMakeFiles/HAL_STM32F103ZET6.elf.dir/Drivers/STM32F1xx_HAL_Driver/Src/stm32f1xx_hal_uart.c.obj
                0x08003120                HAL_UART_Transmit
 .text.HAL_UART_DMAStop
                0x080031de       0x84 CMakeFiles/HAL_STM32F103ZET6.elf.dir/Drivers/STM32F1xx_HAL_Driver/Src/stm32f1xx_hal_uart.c.obj
                0x080031de                HAL_UART_DMAStop
 .text.HAL_UART_TxCpltCallback
                0x08003262        0x2 CMakeFiles/HAL_STM32F103ZET6.elf.dir/Drivers/STM32F1xx_HAL_Driver/Src/stm32f1xx_hal_uart.c.obj
                0x08003262                HAL_UART_TxCpltCallback
 .text.UART_EndTransmit_IT
                0x08003264       0x1a CMakeFiles/HAL_STM32F103ZET6.elf.dir/Drivers/STM32F1xx_HAL_Driver/Src/stm32f1xx_hal_uart.c.obj
 .text.HAL_UART_RxCpltCallback
                0x0800327e        0x2 CMakeFiles/HAL_STM32F103ZET6.elf.dir/Drivers/STM32F1xx_HAL_Driver/Src/stm32f1xx_hal_uart.c.obj
                0x0800327e                HAL_UART_RxCpltCallback
 .text.HAL_UART_RxHalfCpltCallback
                0x08003280        0x2 CMakeFiles/HAL_STM32F103ZET6.elf.dir/Drivers/STM32F1xx_HAL_Driver/Src/stm32f1xx_hal_uart.c.obj
                0x08003280                HAL_UART_RxHalfCpltCallback
 .text.HAL_UART_ErrorCallback
                0x08003282        0x2 CMakeFiles/HAL_STM32F103ZET6.elf.dir/Drivers/STM32F1xx_HAL_Driver/Src/stm32f1xx_hal_uart.c.obj
                0x08003282                HAL_UART_ErrorCallback
 .text.UART_DMAError
                0x08003284       0x58 CMakeFiles/HAL_STM32F103ZET6.elf.dir/Drivers/STM32F1xx_HAL_Driver/Src/stm32f1xx_hal_uart.c.obj
 .text.UART_DMAAbortOnError
                0x080032dc       0x10 CMakeFiles/HAL_STM32F103ZET6.elf.dir/Drivers/STM32F1xx_HAL_Driver/Src/stm32f1xx_hal_uart.c.obj
 .text.HAL_UARTEx_RxEventCallback
                0x080032ec        0x2 CMakeFiles/HAL_STM32F103ZET6.elf.dir/Drivers/STM32F1xx_HAL_Driver/Src/stm32f1xx_hal_uart.c.obj
                0x080032ec                HAL_UARTEx_RxEventCallback
 .text.UART_Receive_IT
                0x080032ee       0xe6 CMakeFiles/HAL_STM32F103ZET6.elf.dir/Drivers/STM32F1xx_HAL_Driver/Src/stm32f1xx_hal_uart.c.obj
 .text.HAL_UART_IRQHandler
                0x080033d4      0x288 CMakeFiles/HAL_STM32F103ZET6.elf.dir/Drivers/STM32F1xx_HAL_Driver/Src/stm32f1xx_hal_uart.c.obj
                0x080033d4                HAL_UART_IRQHandler
 .text.UART_DMARxHalfCplt
                0x0800365c       0x1e CMakeFiles/HAL_STM32F103ZET6.elf.dir/Drivers/STM32F1xx_HAL_Driver/Src/stm32f1xx_hal_uart.c.obj
 .text.UART_DMAReceiveCplt
                0x0800367a       0x9a CMakeFiles/HAL_STM32F103ZET6.elf.dir/Drivers/STM32F1xx_HAL_Driver/Src/stm32f1xx_hal_uart.c.obj
 .text.UART_Start_Receive_DMA
                0x08003714       0xa4 CMakeFiles/HAL_STM32F103ZET6.elf.dir/Drivers/STM32F1xx_HAL_Driver/Src/stm32f1xx_hal_uart.c.obj
                0x08003714                UART_Start_Receive_DMA
 .text.HAL_UART_Receive_DMA
                0x080037b8       0x26 CMakeFiles/HAL_STM32F103ZET6.elf.dir/Drivers/STM32F1xx_HAL_Driver/Src/stm32f1xx_hal_uart.c.obj
                0x080037b8                HAL_UART_Receive_DMA
 *fill*         0x080037de        0x2 
 .text.Ali_Yun_Topic
                0x080037e0       0x28 CMakeFiles/HAL_STM32F103ZET6.elf.dir/Src/aliyun.c.obj
                0x080037e0                Ali_Yun_Topic
 .text.Ali_Yun_Init
                0x08003808       0x44 CMakeFiles/HAL_STM32F103ZET6.elf.dir/Src/aliyun.c.obj
                0x08003808                Ali_Yun_Init
 .text.BH1750_Start
                0x0800384c       0x40 CMakeFiles/HAL_STM32F103ZET6.elf.dir/Src/bh1750.c.obj
                0x0800384c                BH1750_Start
 .text.BH1750_Stop
                0x0800388c       0x34 CMakeFiles/HAL_STM32F103ZET6.elf.dir/Src/bh1750.c.obj
                0x0800388c                BH1750_Stop
 .text.BH1750_SendACK
                0x080038c0       0x60 CMakeFiles/HAL_STM32F103ZET6.elf.dir/Src/bh1750.c.obj
                0x080038c0                BH1750_SendACK
 .text.BH1750_RecvACK
                0x08003920       0x74 CMakeFiles/HAL_STM32F103ZET6.elf.dir/Src/bh1750.c.obj
                0x08003920                BH1750_RecvACK
 .text.BH1750_SendByte
                0x08003994       0x5c CMakeFiles/HAL_STM32F103ZET6.elf.dir/Src/bh1750.c.obj
                0x08003994                BH1750_SendByte
 .text.Init_BH1750
                0x080039f0       0x18 CMakeFiles/HAL_STM32F103ZET6.elf.dir/Src/bh1750.c.obj
                0x080039f0                Init_BH1750
 .text.Single_Write_BH1750
                0x08003a08       0x1a CMakeFiles/HAL_STM32F103ZET6.elf.dir/Src/bh1750.c.obj
                0x08003a08                Single_Write_BH1750
 *fill*         0x08003a22        0x2 
 .text.BH1750_RecvByte
                0x08003a24       0x80 CMakeFiles/HAL_STM32F103ZET6.elf.dir/Src/bh1750.c.obj
                0x08003a24                BH1750_RecvByte
 .text.mread    0x08003aa4       0x44 CMakeFiles/HAL_STM32F103ZET6.elf.dir/Src/bh1750.c.obj
                0x08003aa4                mread
 .text.Value_GY30
                0x08003ae8       0x48 CMakeFiles/HAL_STM32F103ZET6.elf.dir/Src/bh1750.c.obj
                0x08003ae8                Value_GY30
 .text.DHT11_OUT
                0x08003b30       0x24 CMakeFiles/HAL_STM32F103ZET6.elf.dir/Src/dht11.c.obj
                0x08003b30                DHT11_OUT
 .text.DHT11_IN
                0x08003b54       0x24 CMakeFiles/HAL_STM32F103ZET6.elf.dir/Src/dht11.c.obj
                0x08003b54                DHT11_IN
 .text.DHT11_Reset
                0x08003b78       0x30 CMakeFiles/HAL_STM32F103ZET6.elf.dir/Src/dht11.c.obj
                0x08003b78                DHT11_Reset
 .text.DHT11_Check
                0x08003ba8       0x58 CMakeFiles/HAL_STM32F103ZET6.elf.dir/Src/dht11.c.obj
                0x08003ba8                DHT11_Check
 .text.DHT11_Read_Bit
                0x08003c00       0x5c CMakeFiles/HAL_STM32F103ZET6.elf.dir/Src/dht11.c.obj
                0x08003c00                DHT11_Read_Bit
 .text.DHT11_Read_Byte
                0x08003c5c       0x1e CMakeFiles/HAL_STM32F103ZET6.elf.dir/Src/dht11.c.obj
                0x08003c5c                DHT11_Read_Byte
 .text.DHT11_Read_Data
                0x08003c7a       0x6c CMakeFiles/HAL_STM32F103ZET6.elf.dir/Src/dht11.c.obj
                0x08003c7a                DHT11_Read_Data
 *fill*         0x08003ce6        0x2 
 .text.DHT11_Init
                0x08003ce8       0x50 CMakeFiles/HAL_STM32F103ZET6.elf.dir/Src/dht11.c.obj
                0x08003ce8                DHT11_Init
 .text.MX_DMA_Init
                0x08003d38       0x34 CMakeFiles/HAL_STM32F103ZET6.elf.dir/Src/dma.c.obj
                0x08003d38                MX_DMA_Init
 .text.ESP8266_Clear
                0x08003d6c       0x20 CMakeFiles/HAL_STM32F103ZET6.elf.dir/Src/esp8266.c.obj
                0x08003d6c                ESP8266_Clear
 .text.ESP8266_SendString
                0x08003d8c       0x28 CMakeFiles/HAL_STM32F103ZET6.elf.dir/Src/esp8266.c.obj
                0x08003d8c                ESP8266_SendString
 .text.ESP8266_SendCmd
                0x08003db4       0x44 CMakeFiles/HAL_STM32F103ZET6.elf.dir/Src/esp8266.c.obj
                0x08003db4                ESP8266_SendCmd
 .text.ESP8266_Init
                0x08003df8       0x78 CMakeFiles/HAL_STM32F103ZET6.elf.dir/Src/esp8266.c.obj
                0x08003df8                ESP8266_Init
 .text.MX_GPIO_Init
                0x08003e70       0x44 CMakeFiles/HAL_STM32F103ZET6.elf.dir/Src/gpio.c.obj
                0x08003e70                MX_GPIO_Init
 .text.MX_I2C1_Init
                0x08003eb4       0x3c CMakeFiles/HAL_STM32F103ZET6.elf.dir/Src/i2c.c.obj
                0x08003eb4                MX_I2C1_Init
 .text.MX_I2C2_Init
                0x08003ef0       0x3c CMakeFiles/HAL_STM32F103ZET6.elf.dir/Src/i2c.c.obj
                0x08003ef0                MX_I2C2_Init
 .text.HAL_I2C_MspInit
                0x08003f2c       0xac CMakeFiles/HAL_STM32F103ZET6.elf.dir/Src/i2c.c.obj
                0x08003f2c                HAL_I2C_MspInit
 .text.Error_Handler
                0x08003fd8        0x4 CMakeFiles/HAL_STM32F103ZET6.elf.dir/Src/main.c.obj
                0x08003fd8                Error_Handler
 .text.SystemClock_Config
                0x08003fdc       0x86 CMakeFiles/HAL_STM32F103ZET6.elf.dir/Src/main.c.obj
                0x08003fdc                SystemClock_Config
 *fill*         0x08004062        0x2 
 .text.main     0x08004064      0x2e0 CMakeFiles/HAL_STM32F103ZET6.elf.dir/Src/main.c.obj
                0x08004064                main
 .text.WriteCmd
                0x08004344       0x38 CMakeFiles/HAL_STM32F103ZET6.elf.dir/Src/oled.c.obj
                0x08004344                WriteCmd
 .text.OLED_WR_CMD
                0x0800437c       0x2c CMakeFiles/HAL_STM32F103ZET6.elf.dir/Src/oled.c.obj
                0x0800437c                OLED_WR_CMD
 .text.OLED_WR_DATA
                0x080043a8       0x2c CMakeFiles/HAL_STM32F103ZET6.elf.dir/Src/oled.c.obj
                0x080043a8                OLED_WR_DATA
 .text.OLED_Init
                0x080043d4        0xe CMakeFiles/HAL_STM32F103ZET6.elf.dir/Src/oled.c.obj
                0x080043d4                OLED_Init
 .text.OLED_Clear
                0x080043e2       0x3a CMakeFiles/HAL_STM32F103ZET6.elf.dir/Src/oled.c.obj
                0x080043e2                OLED_Clear
 .text.OLED_Set_Pos
                0x0800441c       0x22 CMakeFiles/HAL_STM32F103ZET6.elf.dir/Src/oled.c.obj
                0x0800441c                OLED_Set_Pos
 .text.oled_pow
                0x0800443e       0x14 CMakeFiles/HAL_STM32F103ZET6.elf.dir/Src/oled.c.obj
                0x0800443e                oled_pow
 *fill*         0x08004452        0x2 
 .text.OLED_ShowChar
                0x08004454       0x90 CMakeFiles/HAL_STM32F103ZET6.elf.dir/Src/oled.c.obj
                0x08004454                OLED_ShowChar
 .text.OLED_ShowNum
                0x080044e4       0x94 CMakeFiles/HAL_STM32F103ZET6.elf.dir/Src/oled.c.obj
                0x080044e4                OLED_ShowNum
 .text.OLED_ShowString
                0x08004578       0x36 CMakeFiles/HAL_STM32F103ZET6.elf.dir/Src/oled.c.obj
                0x08004578                OLED_ShowString
 .text.OLED_ShowChinese
                0x080045ae       0x4c CMakeFiles/HAL_STM32F103ZET6.elf.dir/Src/oled.c.obj
                0x080045ae                OLED_ShowChinese
 *fill*         0x080045fa        0x2 
 .text.MX_RTC_Init
                0x080045fc       0x2c CMakeFiles/HAL_STM32F103ZET6.elf.dir/Src/rtc.c.obj
                0x080045fc                MX_RTC_Init
 .text.HAL_RTC_MspInit
                0x08004628       0x40 CMakeFiles/HAL_STM32F103ZET6.elf.dir/Src/rtc.c.obj
                0x08004628                HAL_RTC_MspInit
 .text.SGP30_GPIO_Init
                0x08004668       0x58 CMakeFiles/HAL_STM32F103ZET6.elf.dir/Src/sgp30.c.obj
                0x08004668                SGP30_GPIO_Init
 .text.SDA_OUT  0x080046c0       0x24 CMakeFiles/HAL_STM32F103ZET6.elf.dir/Src/sgp30.c.obj
                0x080046c0                SDA_OUT
 .text.SDA_IN   0x080046e4       0x24 CMakeFiles/HAL_STM32F103ZET6.elf.dir/Src/sgp30.c.obj
                0x080046e4                SDA_IN
 .text.SGP30_IIC_Start
                0x08004708       0x44 CMakeFiles/HAL_STM32F103ZET6.elf.dir/Src/sgp30.c.obj
                0x08004708                SGP30_IIC_Start
 .text.SGP30_IIC_Stop
                0x0800474c       0x44 CMakeFiles/HAL_STM32F103ZET6.elf.dir/Src/sgp30.c.obj
                0x0800474c                SGP30_IIC_Stop
 .text.SGP30_IIC_Wait_Ack
                0x08004790       0x60 CMakeFiles/HAL_STM32F103ZET6.elf.dir/Src/sgp30.c.obj
                0x08004790                SGP30_IIC_Wait_Ack
 .text.SGP30_IIC_Ack
                0x080047f0       0x44 CMakeFiles/HAL_STM32F103ZET6.elf.dir/Src/sgp30.c.obj
                0x080047f0                SGP30_IIC_Ack
 .text.SGP30_IIC_NAck
                0x08004834       0x44 CMakeFiles/HAL_STM32F103ZET6.elf.dir/Src/sgp30.c.obj
                0x08004834                SGP30_IIC_NAck
 .text.SGP30_IIC_Send_Byte
                0x08004878       0x74 CMakeFiles/HAL_STM32F103ZET6.elf.dir/Src/sgp30.c.obj
                0x08004878                SGP30_IIC_Send_Byte
 .text.SGP30_IIC_Read_Byte
                0x080048ec       0x64 CMakeFiles/HAL_STM32F103ZET6.elf.dir/Src/sgp30.c.obj
                0x080048ec                SGP30_IIC_Read_Byte
 .text.SGP30_Write
                0x08004950       0x34 CMakeFiles/HAL_STM32F103ZET6.elf.dir/Src/sgp30.c.obj
                0x08004950                SGP30_Write
 .text.SGP30_Init
                0x08004984       0x10 CMakeFiles/HAL_STM32F103ZET6.elf.dir/Src/sgp30.c.obj
                0x08004984                SGP30_Init
 .text.SGP30_Read
                0x08004994       0x42 CMakeFiles/HAL_STM32F103ZET6.elf.dir/Src/sgp30.c.obj
                0x08004994                SGP30_Read
 *fill*         0x080049d6        0x2 
 .text.HAL_MspInit
                0x080049d8       0x44 CMakeFiles/HAL_STM32F103ZET6.elf.dir/Src/stm32f1xx_hal_msp.c.obj
                0x080049d8                HAL_MspInit
 .text.NMI_Handler
                0x08004a1c        0x2 CMakeFiles/HAL_STM32F103ZET6.elf.dir/Src/stm32f1xx_it.c.obj
                0x08004a1c                NMI_Handler
 .text.HardFault_Handler
                0x08004a1e        0x2 CMakeFiles/HAL_STM32F103ZET6.elf.dir/Src/stm32f1xx_it.c.obj
                0x08004a1e                HardFault_Handler
 .text.MemManage_Handler
                0x08004a20        0x2 CMakeFiles/HAL_STM32F103ZET6.elf.dir/Src/stm32f1xx_it.c.obj
                0x08004a20                MemManage_Handler
 .text.BusFault_Handler
                0x08004a22        0x2 CMakeFiles/HAL_STM32F103ZET6.elf.dir/Src/stm32f1xx_it.c.obj
                0x08004a22                BusFault_Handler
 .text.UsageFault_Handler
                0x08004a24        0x2 CMakeFiles/HAL_STM32F103ZET6.elf.dir/Src/stm32f1xx_it.c.obj
                0x08004a24                UsageFault_Handler
 .text.SVC_Handler
                0x08004a26        0x2 CMakeFiles/HAL_STM32F103ZET6.elf.dir/Src/stm32f1xx_it.c.obj
                0x08004a26                SVC_Handler
 .text.DebugMon_Handler
                0x08004a28        0x2 CMakeFiles/HAL_STM32F103ZET6.elf.dir/Src/stm32f1xx_it.c.obj
                0x08004a28                DebugMon_Handler
 .text.PendSV_Handler
                0x08004a2a        0x2 CMakeFiles/HAL_STM32F103ZET6.elf.dir/Src/stm32f1xx_it.c.obj
                0x08004a2a                PendSV_Handler
 .text.SysTick_Handler
                0x08004a2c        0x8 CMakeFiles/HAL_STM32F103ZET6.elf.dir/Src/stm32f1xx_it.c.obj
                0x08004a2c                SysTick_Handler
 .text.DMA1_Channel6_IRQHandler
                0x08004a34       0x10 CMakeFiles/HAL_STM32F103ZET6.elf.dir/Src/stm32f1xx_it.c.obj
                0x08004a34                DMA1_Channel6_IRQHandler
 .text.USART1_IRQHandler
                0x08004a44       0x10 CMakeFiles/HAL_STM32F103ZET6.elf.dir/Src/stm32f1xx_it.c.obj
                0x08004a44                USART1_IRQHandler
 .text.USART2_IRQHandler
                0x08004a54       0x70 CMakeFiles/HAL_STM32F103ZET6.elf.dir/Src/stm32f1xx_it.c.obj
                0x08004a54                USART2_IRQHandler
 .text._read    0x08004ac4       0x20 CMakeFiles/HAL_STM32F103ZET6.elf.dir/Src/syscalls.c.obj
                0x08004ac4                _read
 .text._write   0x08004ae4       0x1c CMakeFiles/HAL_STM32F103ZET6.elf.dir/Src/syscalls.c.obj
                0x08004ae4                _write
 .text._sbrk    0x08004b00       0x3c CMakeFiles/HAL_STM32F103ZET6.elf.dir/Src/syscalls.c.obj
                0x08004b00                _sbrk
 .text._close   0x08004b3c        0x6 CMakeFiles/HAL_STM32F103ZET6.elf.dir/Src/syscalls.c.obj
                0x08004b3c                _close
 .text._fstat   0x08004b42        0xa CMakeFiles/HAL_STM32F103ZET6.elf.dir/Src/syscalls.c.obj
                0x08004b42                _fstat
 .text._isatty  0x08004b4c        0x4 CMakeFiles/HAL_STM32F103ZET6.elf.dir/Src/syscalls.c.obj
                0x08004b4c                _isatty
 .text._lseek   0x08004b50        0x4 CMakeFiles/HAL_STM32F103ZET6.elf.dir/Src/syscalls.c.obj
                0x08004b50                _lseek
 .text.SystemInit
                0x08004b54        0x2 CMakeFiles/HAL_STM32F103ZET6.elf.dir/Src/system_stm32f1xx.c.obj
                0x08004b54                SystemInit
 *fill*         0x08004b56        0x2 
 .text.MX_TIM1_Init
                0x08004b58       0x70 CMakeFiles/HAL_STM32F103ZET6.elf.dir/Src/tim.c.obj
                0x08004b58                MX_TIM1_Init
 .text.MX_TIM2_Init
                0x08004bc8       0x6c CMakeFiles/HAL_STM32F103ZET6.elf.dir/Src/tim.c.obj
                0x08004bc8                MX_TIM2_Init
 .text.HAL_TIM_Base_MspInit
                0x08004c34       0x4c CMakeFiles/HAL_STM32F103ZET6.elf.dir/Src/tim.c.obj
                0x08004c34                HAL_TIM_Base_MspInit
 .text.delay_us
                0x08004c80       0x34 CMakeFiles/HAL_STM32F103ZET6.elf.dir/Src/tim.c.obj
                0x08004c80                delay_us
 .text.delay_mms
                0x08004cb4       0x1c CMakeFiles/HAL_STM32F103ZET6.elf.dir/Src/tim.c.obj
                0x08004cb4                delay_mms
 .text.BH1750_Delay_us
                0x08004cd0       0x9e CMakeFiles/HAL_STM32F103ZET6.elf.dir/Src/tim.c.obj
                0x08004cd0                BH1750_Delay_us
 *fill*         0x08004d6e        0x2 
 .text.MX_USART1_UART_Init
                0x08004d70       0x34 CMakeFiles/HAL_STM32F103ZET6.elf.dir/Src/usart.c.obj
                0x08004d70                MX_USART1_UART_Init
 .text.MX_USART2_UART_Init
                0x08004da4       0x34 CMakeFiles/HAL_STM32F103ZET6.elf.dir/Src/usart.c.obj
                0x08004da4                MX_USART2_UART_Init
 .text.HAL_UART_MspInit
                0x08004dd8      0x128 CMakeFiles/HAL_STM32F103ZET6.elf.dir/Src/usart.c.obj
                0x08004dd8                HAL_UART_MspInit
 .text.__io_putchar
                0x08004f00       0x20 CMakeFiles/HAL_STM32F103ZET6.elf.dir/Src/usart.c.obj
                0x08004f00                __io_putchar
 .text.Reset_Handler
                0x08004f20       0x48 CMakeFiles/HAL_STM32F103ZET6.elf.dir/startup/startup_stm32f103xe.s.obj
                0x08004f20                Reset_Handler
 .text.Default_Handler
                0x08004f68        0x2 CMakeFiles/HAL_STM32F103ZET6.elf.dir/startup/startup_stm32f103xe.s.obj
                0x08004f68                RTC_Alarm_IRQHandler
                0x08004f68                EXTI2_IRQHandler
                0x08004f68                TIM8_TRG_COM_IRQHandler
                0x08004f68                TIM8_CC_IRQHandler
                0x08004f68                TIM1_CC_IRQHandler
                0x08004f68                TIM6_IRQHandler
                0x08004f68                PVD_IRQHandler
                0x08004f68                SDIO_IRQHandler
                0x08004f68                EXTI3_IRQHandler
                0x08004f68                EXTI0_IRQHandler
                0x08004f68                I2C2_EV_IRQHandler
                0x08004f68                ADC1_2_IRQHandler
                0x08004f68                SPI1_IRQHandler
                0x08004f68                TAMPER_IRQHandler
                0x08004f68                TIM8_UP_IRQHandler
                0x08004f68                DMA2_Channel2_IRQHandler
                0x08004f68                DMA1_Channel4_IRQHandler
                0x08004f68                USART3_IRQHandler
                0x08004f68                RTC_IRQHandler
                0x08004f68                DMA1_Channel7_IRQHandler
                0x08004f68                CAN1_RX1_IRQHandler
                0x08004f68                UART5_IRQHandler
                0x08004f68                ADC3_IRQHandler
                0x08004f68                TIM4_IRQHandler
                0x08004f68                DMA2_Channel1_IRQHandler
                0x08004f68                I2C1_EV_IRQHandler
                0x08004f68                UART4_IRQHandler
                0x08004f68                TIM3_IRQHandler
                0x08004f68                RCC_IRQHandler
                0x08004f68                TIM1_TRG_COM_IRQHandler
                0x08004f68                DMA1_Channel1_IRQHandler
                0x08004f68                Default_Handler
                0x08004f68                EXTI15_10_IRQHandler
                0x08004f68                TIM7_IRQHandler
                0x08004f68                TIM5_IRQHandler
                0x08004f68                EXTI9_5_IRQHandler
                0x08004f68                SPI2_IRQHandler
                0x08004f68                DMA1_Channel5_IRQHandler
                0x08004f68                EXTI4_IRQHandler
                0x08004f68                USB_LP_CAN1_RX0_IRQHandler
                0x08004f68                USB_HP_CAN1_TX_IRQHandler
                0x08004f68                DMA1_Channel3_IRQHandler
                0x08004f68                FSMC_IRQHandler
                0x08004f68                TIM1_UP_IRQHandler
                0x08004f68                WWDG_IRQHandler
                0x08004f68                TIM2_IRQHandler
                0x08004f68                TIM1_BRK_IRQHandler
                0x08004f68                EXTI1_IRQHandler
                0x08004f68                DMA2_Channel4_5_IRQHandler
                0x08004f68                I2C2_ER_IRQHandler
                0x08004f68                DMA1_Channel2_IRQHandler
                0x08004f68                TIM8_BRK_IRQHandler
                0x08004f68                CAN1_SCE_IRQHandler
                0x08004f68                FLASH_IRQHandler
                0x08004f68                SPI3_IRQHandler
                0x08004f68                I2C1_ER_IRQHandler
                0x08004f68                USBWakeUp_IRQHandler
                0x08004f68                DMA2_Channel3_IRQHandler
 *fill*         0x08004f6a        0x2 
 .text.__errno  0x08004f6c        0xc d:/stm32/gcc-arm-none-eabi-9-2019-q4-major-win32/bin/../lib/gcc/arm-none-eabi/9.2.1/../../../../arm-none-eabi/lib/thumb/v7-m/nofp\libg.a(lib_a-errno.o)
                0x08004f6c                __errno
 .text.__libc_init_array
                0x08004f78       0x48 d:/stm32/gcc-arm-none-eabi-9-2019-q4-major-win32/bin/../lib/gcc/arm-none-eabi/9.2.1/../../../../arm-none-eabi/lib/thumb/v7-m/nofp\libg.a(lib_a-init.o)
                0x08004f78                __libc_init_array
 .text.memset   0x08004fc0       0xa0 d:/stm32/gcc-arm-none-eabi-9-2019-q4-major-win32/bin/../lib/gcc/arm-none-eabi/9.2.1/../../../../arm-none-eabi/lib/thumb/v7-m/nofp\libg.a(lib_a-memset.o)
                0x08004fc0                memset
 .text.printf   0x08005060       0x28 d:/stm32/gcc-arm-none-eabi-9-2019-q4-major-win32/bin/../lib/gcc/arm-none-eabi/9.2.1/../../../../arm-none-eabi/lib/thumb/v7-m/nofp\libg.a(lib_a-printf.o)
                0x08005060                printf
 .text._puts_r  0x08005088       0x9c d:/stm32/gcc-arm-none-eabi-9-2019-q4-major-win32/bin/../lib/gcc/arm-none-eabi/9.2.1/../../../../arm-none-eabi/lib/thumb/v7-m/nofp\libg.a(lib_a-puts.o)
                0x08005088                _puts_r
 .text.puts     0x08005124       0x10 d:/stm32/gcc-arm-none-eabi-9-2019-q4-major-win32/bin/../lib/gcc/arm-none-eabi/9.2.1/../../../../arm-none-eabi/lib/thumb/v7-m/nofp\libg.a(lib_a-puts.o)
                0x08005124                puts
 .text.snprintf
                0x08005134       0x84 d:/stm32/gcc-arm-none-eabi-9-2019-q4-major-win32/bin/../lib/gcc/arm-none-eabi/9.2.1/../../../../arm-none-eabi/lib/thumb/v7-m/nofp\libg.a(lib_a-snprintf.o)
                0x08005134                snprintf
 .text.strlen   0x080051b8       0x5c d:/stm32/gcc-arm-none-eabi-9-2019-q4-major-win32/bin/../lib/gcc/arm-none-eabi/9.2.1/../../../../arm-none-eabi/lib/thumb/v7-m/nofp\libg.a(lib_a-strlen-stub.o)
                0x080051b8                strlen
 .text.two_way_long_needle
                0x08005214      0x2b0 d:/stm32/gcc-arm-none-eabi-9-2019-q4-major-win32/bin/../lib/gcc/arm-none-eabi/9.2.1/../../../../arm-none-eabi/lib/thumb/v7-m/nofp\libg.a(lib_a-strstr.o)
 .text.strstr   0x080054c4      0x164 d:/stm32/gcc-arm-none-eabi-9-2019-q4-major-win32/bin/../lib/gcc/arm-none-eabi/9.2.1/../../../../arm-none-eabi/lib/thumb/v7-m/nofp\libg.a(lib_a-strstr.o)
                0x080054c4                strstr
 .text._svfprintf_r
                0x08005628     0x1b50 d:/stm32/gcc-arm-none-eabi-9-2019-q4-major-win32/bin/../lib/gcc/arm-none-eabi/9.2.1/../../../../arm-none-eabi/lib/thumb/v7-m/nofp\libg.a(lib_a-svfprintf.o)
                0x08005628                _svfprintf_r
 .text._vfprintf_r
                0x08007178     0x1c18 d:/stm32/gcc-arm-none-eabi-9-2019-q4-major-win32/bin/../lib/gcc/arm-none-eabi/9.2.1/../../../../arm-none-eabi/lib/thumb/v7-m/nofp\libg.a(lib_a-vfprintf.o)
                0x08007178                _vfprintf_r
 .text.__sbprintf
                0x08008d90       0x88 d:/stm32/gcc-arm-none-eabi-9-2019-q4-major-win32/bin/../lib/gcc/arm-none-eabi/9.2.1/../../../../arm-none-eabi/lib/thumb/v7-m/nofp\libg.a(lib_a-vfprintf.o)
 .text.__swsetup_r
                0x08008e18       0xd0 d:/stm32/gcc-arm-none-eabi-9-2019-q4-major-win32/bin/../lib/gcc/arm-none-eabi/9.2.1/../../../../arm-none-eabi/lib/thumb/v7-m/nofp\libg.a(lib_a-wsetup.o)
                0x08008e18                __swsetup_r
 .text.startup.register_fini
                0x08008ee8       0x14 d:/stm32/gcc-arm-none-eabi-9-2019-q4-major-win32/bin/../lib/gcc/arm-none-eabi/9.2.1/../../../../arm-none-eabi/lib/thumb/v7-m/nofp\libg.a(lib_a-__call_atexit.o)
 .text.atexit   0x08008efc        0xc d:/stm32/gcc-arm-none-eabi-9-2019-q4-major-win32/bin/../lib/gcc/arm-none-eabi/9.2.1/../../../../arm-none-eabi/lib/thumb/v7-m/nofp\libg.a(lib_a-atexit.o)
                0x08008efc                atexit
 .text.quorem   0x08008f08      0x120 d:/stm32/gcc-arm-none-eabi-9-2019-q4-major-win32/bin/../lib/gcc/arm-none-eabi/9.2.1/../../../../arm-none-eabi/lib/thumb/v7-m/nofp\libg.a(lib_a-dtoa.o)
 .text._dtoa_r  0x08009028      0xe8c d:/stm32/gcc-arm-none-eabi-9-2019-q4-major-win32/bin/../lib/gcc/arm-none-eabi/9.2.1/../../../../arm-none-eabi/lib/thumb/v7-m/nofp\libg.a(lib_a-dtoa.o)
                0x08009028                _dtoa_r
 .text.__sflush_r
                0x08009eb4      0x130 d:/stm32/gcc-arm-none-eabi-9-2019-q4-major-win32/bin/../lib/gcc/arm-none-eabi/9.2.1/../../../../arm-none-eabi/lib/thumb/v7-m/nofp\libg.a(lib_a-fflush.o)
                0x08009eb4                __sflush_r
 .text._fflush_r
                0x08009fe4       0x5c d:/stm32/gcc-arm-none-eabi-9-2019-q4-major-win32/bin/../lib/gcc/arm-none-eabi/9.2.1/../../../../arm-none-eabi/lib/thumb/v7-m/nofp\libg.a(lib_a-fflush.o)
                0x08009fe4                _fflush_r
 .text.std      0x0800a040       0x50 d:/stm32/gcc-arm-none-eabi-9-2019-q4-major-win32/bin/../lib/gcc/arm-none-eabi/9.2.1/../../../../arm-none-eabi/lib/thumb/v7-m/nofp\libg.a(lib_a-findfp.o)
 .text._cleanup_r
                0x0800a090        0xc d:/stm32/gcc-arm-none-eabi-9-2019-q4-major-win32/bin/../lib/gcc/arm-none-eabi/9.2.1/../../../../arm-none-eabi/lib/thumb/v7-m/nofp\libg.a(lib_a-findfp.o)
                0x0800a090                _cleanup_r
 .text.__sinit  0x0800a09c       0x5c d:/stm32/gcc-arm-none-eabi-9-2019-q4-major-win32/bin/../lib/gcc/arm-none-eabi/9.2.1/../../../../arm-none-eabi/lib/thumb/v7-m/nofp\libg.a(lib_a-findfp.o)
                0x0800a09c                __sinit
 .text.__sfp_lock_acquire
                0x0800a0f8        0xc d:/stm32/gcc-arm-none-eabi-9-2019-q4-major-win32/bin/../lib/gcc/arm-none-eabi/9.2.1/../../../../arm-none-eabi/lib/thumb/v7-m/nofp\libg.a(lib_a-findfp.o)
                0x0800a0f8                __sfp_lock_acquire
 .text.__sfp_lock_release
                0x0800a104        0xc d:/stm32/gcc-arm-none-eabi-9-2019-q4-major-win32/bin/../lib/gcc/arm-none-eabi/9.2.1/../../../../arm-none-eabi/lib/thumb/v7-m/nofp\libg.a(lib_a-findfp.o)
                0x0800a104                __sfp_lock_release
 .text.__libc_fini_array
                0x0800a110       0x2c d:/stm32/gcc-arm-none-eabi-9-2019-q4-major-win32/bin/../lib/gcc/arm-none-eabi/9.2.1/../../../../arm-none-eabi/lib/thumb/v7-m/nofp\libg.a(lib_a-fini.o)
                0x0800a110                __libc_fini_array
 .text._malloc_trim_r
                0x0800a13c       0xa0 d:/stm32/gcc-arm-none-eabi-9-2019-q4-major-win32/bin/../lib/gcc/arm-none-eabi/9.2.1/../../../../arm-none-eabi/lib/thumb/v7-m/nofp\libg.a(lib_a-freer.o)
                0x0800a13c                _malloc_trim_r
 .text._free_r  0x0800a1dc      0x20c d:/stm32/gcc-arm-none-eabi-9-2019-q4-major-win32/bin/../lib/gcc/arm-none-eabi/9.2.1/../../../../arm-none-eabi/lib/thumb/v7-m/nofp\libg.a(lib_a-freer.o)
                0x0800a1dc                _free_r
 .text.__sfvwrite_r
                0x0800a3e8      0x2ec d:/stm32/gcc-arm-none-eabi-9-2019-q4-major-win32/bin/../lib/gcc/arm-none-eabi/9.2.1/../../../../arm-none-eabi/lib/thumb/v7-m/nofp\libg.a(lib_a-fvwrite.o)
                0x0800a3e8                __sfvwrite_r
 .text._fwalk_reent
                0x0800a6d4       0x48 d:/stm32/gcc-arm-none-eabi-9-2019-q4-major-win32/bin/../lib/gcc/arm-none-eabi/9.2.1/../../../../arm-none-eabi/lib/thumb/v7-m/nofp\libg.a(lib_a-fwalk.o)
                0x0800a6d4                _fwalk_reent
 .text._localeconv_r
                0x0800a71c        0x8 d:/stm32/gcc-arm-none-eabi-9-2019-q4-major-win32/bin/../lib/gcc/arm-none-eabi/9.2.1/../../../../arm-none-eabi/lib/thumb/v7-m/nofp\libg.a(lib_a-localeconv.o)
                0x0800a71c                _localeconv_r
 .text.__retarget_lock_init_recursive
                0x0800a724        0x4 d:/stm32/gcc-arm-none-eabi-9-2019-q4-major-win32/bin/../lib/gcc/arm-none-eabi/9.2.1/../../../../arm-none-eabi/lib/thumb/v7-m/nofp\libg.a(lib_a-lock.o)
                0x0800a724                __retarget_lock_init_recursive
 .text.__retarget_lock_close_recursive
                0x0800a728        0x4 d:/stm32/gcc-arm-none-eabi-9-2019-q4-major-win32/bin/../lib/gcc/arm-none-eabi/9.2.1/../../../../arm-none-eabi/lib/thumb/v7-m/nofp\libg.a(lib_a-lock.o)
                0x0800a728                __retarget_lock_close_recursive
 .text.__retarget_lock_acquire_recursive
                0x0800a72c        0x4 d:/stm32/gcc-arm-none-eabi-9-2019-q4-major-win32/bin/../lib/gcc/arm-none-eabi/9.2.1/../../../../arm-none-eabi/lib/thumb/v7-m/nofp\libg.a(lib_a-lock.o)
                0x0800a72c                __retarget_lock_acquire_recursive
 .text.__retarget_lock_release_recursive
                0x0800a730        0x4 d:/stm32/gcc-arm-none-eabi-9-2019-q4-major-win32/bin/../lib/gcc/arm-none-eabi/9.2.1/../../../../arm-none-eabi/lib/thumb/v7-m/nofp\libg.a(lib_a-lock.o)
                0x0800a730                __retarget_lock_release_recursive
 .text.__swhatbuf_r
                0x0800a734       0x5c d:/stm32/gcc-arm-none-eabi-9-2019-q4-major-win32/bin/../lib/gcc/arm-none-eabi/9.2.1/../../../../arm-none-eabi/lib/thumb/v7-m/nofp\libg.a(lib_a-makebuf.o)
                0x0800a734                __swhatbuf_r
 .text.__smakebuf_r
                0x0800a790       0x94 d:/stm32/gcc-arm-none-eabi-9-2019-q4-major-win32/bin/../lib/gcc/arm-none-eabi/9.2.1/../../../../arm-none-eabi/lib/thumb/v7-m/nofp\libg.a(lib_a-makebuf.o)
                0x0800a790                __smakebuf_r
 .text._malloc_r
                0x0800a824      0x55c d:/stm32/gcc-arm-none-eabi-9-2019-q4-major-win32/bin/../lib/gcc/arm-none-eabi/9.2.1/../../../../arm-none-eabi/lib/thumb/v7-m/nofp\libg.a(lib_a-mallocr.o)
                0x0800a824                _malloc_r
 .text.memchr   0x0800ad80       0x80 d:/stm32/gcc-arm-none-eabi-9-2019-q4-major-win32/bin/../lib/gcc/arm-none-eabi/9.2.1/../../../../arm-none-eabi/lib/thumb/v7-m/nofp\libg.a(lib_a-memchr-stub.o)
                0x0800ad80                memchr
 .text.memcmp   0x0800ae00       0x5c d:/stm32/gcc-arm-none-eabi-9-2019-q4-major-win32/bin/../lib/gcc/arm-none-eabi/9.2.1/../../../../arm-none-eabi/lib/thumb/v7-m/nofp\libg.a(lib_a-memcmp.o)
                0x0800ae00                memcmp
 .text.memmove  0x0800ae5c       0xd4 d:/stm32/gcc-arm-none-eabi-9-2019-q4-major-win32/bin/../lib/gcc/arm-none-eabi/9.2.1/../../../../arm-none-eabi/lib/thumb/v7-m/nofp\libg.a(lib_a-memmove.o)
                0x0800ae5c                memmove
 .text.__malloc_lock
                0x0800af30        0xc d:/stm32/gcc-arm-none-eabi-9-2019-q4-major-win32/bin/../lib/gcc/arm-none-eabi/9.2.1/../../../../arm-none-eabi/lib/thumb/v7-m/nofp\libg.a(lib_a-mlock.o)
                0x0800af30                __malloc_lock
 .text.__malloc_unlock
                0x0800af3c        0xc d:/stm32/gcc-arm-none-eabi-9-2019-q4-major-win32/bin/../lib/gcc/arm-none-eabi/9.2.1/../../../../arm-none-eabi/lib/thumb/v7-m/nofp\libg.a(lib_a-mlock.o)
                0x0800af3c                __malloc_unlock
 .text._Balloc  0x0800af48       0x4c d:/stm32/gcc-arm-none-eabi-9-2019-q4-major-win32/bin/../lib/gcc/arm-none-eabi/9.2.1/../../../../arm-none-eabi/lib/thumb/v7-m/nofp\libg.a(lib_a-mprec.o)
                0x0800af48                _Balloc
 .text._Bfree   0x0800af94       0x14 d:/stm32/gcc-arm-none-eabi-9-2019-q4-major-win32/bin/../lib/gcc/arm-none-eabi/9.2.1/../../../../arm-none-eabi/lib/thumb/v7-m/nofp\libg.a(lib_a-mprec.o)
                0x0800af94                _Bfree
 .text.__multadd
                0x0800afa8       0x7c d:/stm32/gcc-arm-none-eabi-9-2019-q4-major-win32/bin/../lib/gcc/arm-none-eabi/9.2.1/../../../../arm-none-eabi/lib/thumb/v7-m/nofp\libg.a(lib_a-mprec.o)
                0x0800afa8                __multadd
 .text.__hi0bits
                0x0800b024       0x40 d:/stm32/gcc-arm-none-eabi-9-2019-q4-major-win32/bin/../lib/gcc/arm-none-eabi/9.2.1/../../../../arm-none-eabi/lib/thumb/v7-m/nofp\libg.a(lib_a-mprec.o)
                0x0800b024                __hi0bits
 .text.__lo0bits
                0x0800b064       0x60 d:/stm32/gcc-arm-none-eabi-9-2019-q4-major-win32/bin/../lib/gcc/arm-none-eabi/9.2.1/../../../../arm-none-eabi/lib/thumb/v7-m/nofp\libg.a(lib_a-mprec.o)
                0x0800b064                __lo0bits
 .text.__i2b    0x0800b0c4       0x14 d:/stm32/gcc-arm-none-eabi-9-2019-q4-major-win32/bin/../lib/gcc/arm-none-eabi/9.2.1/../../../../arm-none-eabi/lib/thumb/v7-m/nofp\libg.a(lib_a-mprec.o)
                0x0800b0c4                __i2b
 .text.__multiply
                0x0800b0d8      0x144 d:/stm32/gcc-arm-none-eabi-9-2019-q4-major-win32/bin/../lib/gcc/arm-none-eabi/9.2.1/../../../../arm-none-eabi/lib/thumb/v7-m/nofp\libg.a(lib_a-mprec.o)
                0x0800b0d8                __multiply
 .text.__pow5mult
                0x0800b21c       0xa0 d:/stm32/gcc-arm-none-eabi-9-2019-q4-major-win32/bin/../lib/gcc/arm-none-eabi/9.2.1/../../../../arm-none-eabi/lib/thumb/v7-m/nofp\libg.a(lib_a-mprec.o)
                0x0800b21c                __pow5mult
 .text.__lshift
                0x0800b2bc       0xd0 d:/stm32/gcc-arm-none-eabi-9-2019-q4-major-win32/bin/../lib/gcc/arm-none-eabi/9.2.1/../../../../arm-none-eabi/lib/thumb/v7-m/nofp\libg.a(lib_a-mprec.o)
                0x0800b2bc                __lshift
 .text.__mcmp   0x0800b38c       0x3c d:/stm32/gcc-arm-none-eabi-9-2019-q4-major-win32/bin/../lib/gcc/arm-none-eabi/9.2.1/../../../../arm-none-eabi/lib/thumb/v7-m/nofp\libg.a(lib_a-mprec.o)
                0x0800b38c                __mcmp
 .text.__mdiff  0x0800b3c8      0x138 d:/stm32/gcc-arm-none-eabi-9-2019-q4-major-win32/bin/../lib/gcc/arm-none-eabi/9.2.1/../../../../arm-none-eabi/lib/thumb/v7-m/nofp\libg.a(lib_a-mprec.o)
                0x0800b3c8                __mdiff
 .text.__d2b    0x0800b500       0xa8 d:/stm32/gcc-arm-none-eabi-9-2019-q4-major-win32/bin/../lib/gcc/arm-none-eabi/9.2.1/../../../../arm-none-eabi/lib/thumb/v7-m/nofp\libg.a(lib_a-mprec.o)
                0x0800b500                __d2b
 .text._realloc_r
                0x0800b5a8      0x3e0 d:/stm32/gcc-arm-none-eabi-9-2019-q4-major-win32/bin/../lib/gcc/arm-none-eabi/9.2.1/../../../../arm-none-eabi/lib/thumb/v7-m/nofp\libg.a(lib_a-reallocr.o)
                0x0800b5a8                _realloc_r
 .text.frexp    0x0800b988       0x70 d:/stm32/gcc-arm-none-eabi-9-2019-q4-major-win32/bin/../lib/gcc/arm-none-eabi/9.2.1/../../../../arm-none-eabi/lib/thumb/v7-m/nofp\libg.a(lib_a-s_frexp.o)
                0x0800b988                frexp
 .text._sbrk_r  0x0800b9f8       0x24 d:/stm32/gcc-arm-none-eabi-9-2019-q4-major-win32/bin/../lib/gcc/arm-none-eabi/9.2.1/../../../../arm-none-eabi/lib/thumb/v7-m/nofp\libg.a(lib_a-sbrkr.o)
                0x0800b9f8                _sbrk_r
 .text.__sread  0x0800ba1c       0x24 d:/stm32/gcc-arm-none-eabi-9-2019-q4-major-win32/bin/../lib/gcc/arm-none-eabi/9.2.1/../../../../arm-none-eabi/lib/thumb/v7-m/nofp\libg.a(lib_a-stdio.o)
                0x0800ba1c                __sread
 .text.__swrite
                0x0800ba40       0x40 d:/stm32/gcc-arm-none-eabi-9-2019-q4-major-win32/bin/../lib/gcc/arm-none-eabi/9.2.1/../../../../arm-none-eabi/lib/thumb/v7-m/nofp\libg.a(lib_a-stdio.o)
                0x0800ba40                __swrite
 .text.__sseek  0x0800ba80       0x20 d:/stm32/gcc-arm-none-eabi-9-2019-q4-major-win32/bin/../lib/gcc/arm-none-eabi/9.2.1/../../../../arm-none-eabi/lib/thumb/v7-m/nofp\libg.a(lib_a-stdio.o)
                0x0800ba80                __sseek
 .text.__sclose
                0x0800baa0        0x8 d:/stm32/gcc-arm-none-eabi-9-2019-q4-major-win32/bin/../lib/gcc/arm-none-eabi/9.2.1/../../../../arm-none-eabi/lib/thumb/v7-m/nofp\libg.a(lib_a-stdio.o)
                0x0800baa0                __sclose
 .text.strchr   0x0800baa8       0xd0 d:/stm32/gcc-arm-none-eabi-9-2019-q4-major-win32/bin/../lib/gcc/arm-none-eabi/9.2.1/../../../../arm-none-eabi/lib/thumb/v7-m/nofp\libg.a(lib_a-strchr.o)
                0x0800baa8                strchr
 .text.strncpy  0x0800bb78       0x68 d:/stm32/gcc-arm-none-eabi-9-2019-q4-major-win32/bin/../lib/gcc/arm-none-eabi/9.2.1/../../../../arm-none-eabi/lib/thumb/v7-m/nofp\libg.a(lib_a-strncpy.o)
                0x0800bb78                strncpy
 .text.strnlen  0x0800bbe0       0x28 d:/stm32/gcc-arm-none-eabi-9-2019-q4-major-win32/bin/../lib/gcc/arm-none-eabi/9.2.1/../../../../arm-none-eabi/lib/thumb/v7-m/nofp\libg.a(lib_a-strnlen.o)
                0x0800bbe0                strnlen
 .text.__ssprint_r
                0x0800bc08       0xf8 d:/stm32/gcc-arm-none-eabi-9-2019-q4-major-win32/bin/../lib/gcc/arm-none-eabi/9.2.1/../../../../arm-none-eabi/lib/thumb/v7-m/nofp\libg.a(lib_a-svfiprintf.o)
                0x0800bc08                __ssprint_r
 .text.__sprint_r.part.0
                0x0800bd00       0x78 d:/stm32/gcc-arm-none-eabi-9-2019-q4-major-win32/bin/../lib/gcc/arm-none-eabi/9.2.1/../../../../arm-none-eabi/lib/thumb/v7-m/nofp\libg.a(lib_a-vfiprintf.o)
 .text.__sprint_r
                0x0800bd78       0x14 d:/stm32/gcc-arm-none-eabi-9-2019-q4-major-win32/bin/../lib/gcc/arm-none-eabi/9.2.1/../../../../arm-none-eabi/lib/thumb/v7-m/nofp\libg.a(lib_a-vfiprintf.o)
                0x0800bd78                __sprint_r
 .text._write_r
                0x0800bd8c       0x2c d:/stm32/gcc-arm-none-eabi-9-2019-q4-major-win32/bin/../lib/gcc/arm-none-eabi/9.2.1/../../../../arm-none-eabi/lib/thumb/v7-m/nofp\libg.a(lib_a-writer.o)
                0x0800bd8c                _write_r
 .text.__register_exitproc
                0x0800bdb8       0x8c d:/stm32/gcc-arm-none-eabi-9-2019-q4-major-win32/bin/../lib/gcc/arm-none-eabi/9.2.1/../../../../arm-none-eabi/lib/thumb/v7-m/nofp\libg.a(lib_a-__atexit.o)
                0x0800bdb8                __register_exitproc
 .text._calloc_r
                0x0800be44       0x60 d:/stm32/gcc-arm-none-eabi-9-2019-q4-major-win32/bin/../lib/gcc/arm-none-eabi/9.2.1/../../../../arm-none-eabi/lib/thumb/v7-m/nofp\libg.a(lib_a-callocr.o)
                0x0800be44                _calloc_r
 .text._close_r
                0x0800bea4       0x24 d:/stm32/gcc-arm-none-eabi-9-2019-q4-major-win32/bin/../lib/gcc/arm-none-eabi/9.2.1/../../../../arm-none-eabi/lib/thumb/v7-m/nofp\libg.a(lib_a-closer.o)
                0x0800bea4                _close_r
 .text._fclose_r
                0x0800bec8       0xcc d:/stm32/gcc-arm-none-eabi-9-2019-q4-major-win32/bin/../lib/gcc/arm-none-eabi/9.2.1/../../../../arm-none-eabi/lib/thumb/v7-m/nofp\libg.a(lib_a-fclose.o)
                0x0800bec8                _fclose_r
 .text.__fputwc
                0x0800bf94       0xa0 d:/stm32/gcc-arm-none-eabi-9-2019-q4-major-win32/bin/../lib/gcc/arm-none-eabi/9.2.1/../../../../arm-none-eabi/lib/thumb/v7-m/nofp\libg.a(lib_a-fputwc.o)
                0x0800bf94                __fputwc
 .text._fputwc_r
                0x0800c034       0x68 d:/stm32/gcc-arm-none-eabi-9-2019-q4-major-win32/bin/../lib/gcc/arm-none-eabi/9.2.1/../../../../arm-none-eabi/lib/thumb/v7-m/nofp\libg.a(lib_a-fputwc.o)
                0x0800c034                _fputwc_r
 .text._fstat_r
                0x0800c09c       0x2c d:/stm32/gcc-arm-none-eabi-9-2019-q4-major-win32/bin/../lib/gcc/arm-none-eabi/9.2.1/../../../../arm-none-eabi/lib/thumb/v7-m/nofp\libg.a(lib_a-fstatr.o)
                0x0800c09c                _fstat_r
 .text._isatty_r
                0x0800c0c8       0x24 d:/stm32/gcc-arm-none-eabi-9-2019-q4-major-win32/bin/../lib/gcc/arm-none-eabi/9.2.1/../../../../arm-none-eabi/lib/thumb/v7-m/nofp\libg.a(lib_a-isattyr.o)
                0x0800c0c8                _isatty_r
 .text.__locale_mb_cur_max
                0x0800c0ec        0xc d:/stm32/gcc-arm-none-eabi-9-2019-q4-major-win32/bin/../lib/gcc/arm-none-eabi/9.2.1/../../../../arm-none-eabi/lib/thumb/v7-m/nofp\libg.a(lib_a-locale.o)
                0x0800c0ec                __locale_mb_cur_max
 .text._lseek_r
                0x0800c0f8       0x2c d:/stm32/gcc-arm-none-eabi-9-2019-q4-major-win32/bin/../lib/gcc/arm-none-eabi/9.2.1/../../../../arm-none-eabi/lib/thumb/v7-m/nofp\libg.a(lib_a-lseekr.o)
                0x0800c0f8                _lseek_r
 .text.__ascii_mbtowc
                0x0800c124       0x2c d:/stm32/gcc-arm-none-eabi-9-2019-q4-major-win32/bin/../lib/gcc/arm-none-eabi/9.2.1/../../../../arm-none-eabi/lib/thumb/v7-m/nofp\libg.a(lib_a-mbtowc_r.o)
                0x0800c124                __ascii_mbtowc
 .text._read_r  0x0800c150       0x2c d:/stm32/gcc-arm-none-eabi-9-2019-q4-major-win32/bin/../lib/gcc/arm-none-eabi/9.2.1/../../../../arm-none-eabi/lib/thumb/v7-m/nofp\libg.a(lib_a-readr.o)
                0x0800c150                _read_r
 .text.__swbuf_r
                0x0800c17c       0xb0 d:/stm32/gcc-arm-none-eabi-9-2019-q4-major-win32/bin/../lib/gcc/arm-none-eabi/9.2.1/../../../../arm-none-eabi/lib/thumb/v7-m/nofp\libg.a(lib_a-wbuf.o)
                0x0800c17c                __swbuf_r
 .text._wcrtomb_r
                0x0800c22c       0x3c d:/stm32/gcc-arm-none-eabi-9-2019-q4-major-win32/bin/../lib/gcc/arm-none-eabi/9.2.1/../../../../arm-none-eabi/lib/thumb/v7-m/nofp\libg.a(lib_a-wcrtomb.o)
                0x0800c22c                _wcrtomb_r
 .text.__ascii_wctomb
                0x0800c268       0x1c d:/stm32/gcc-arm-none-eabi-9-2019-q4-major-win32/bin/../lib/gcc/arm-none-eabi/9.2.1/../../../../arm-none-eabi/lib/thumb/v7-m/nofp\libg.a(lib_a-wctomb_r.o)
                0x0800c268                __ascii_wctomb
 *(.glue_7)
 .glue_7        0x0800c284        0x0 linker stubs
 *(.glue_7t)
 .glue_7t       0x0800c284        0x0 linker stubs
 *(.eh_frame)
 .eh_frame      0x0800c284        0x0 d:/stm32/gcc-arm-none-eabi-9-2019-q4-major-win32/bin/../lib/gcc/arm-none-eabi/9.2.1/thumb/v7-m/nofp/crtbegin.o
 *(.init)
 .init          0x0800c284        0x4 d:/stm32/gcc-arm-none-eabi-9-2019-q4-major-win32/bin/../lib/gcc/arm-none-eabi/9.2.1/thumb/v7-m/nofp/crti.o
                0x0800c284                _init
 .init          0x0800c288        0x8 d:/stm32/gcc-arm-none-eabi-9-2019-q4-major-win32/bin/../lib/gcc/arm-none-eabi/9.2.1/thumb/v7-m/nofp/crtn.o
 *(.fini)
 .fini          0x0800c290        0x4 d:/stm32/gcc-arm-none-eabi-9-2019-q4-major-win32/bin/../lib/gcc/arm-none-eabi/9.2.1/thumb/v7-m/nofp/crti.o
                0x0800c290                _fini
 .fini          0x0800c294        0x8 d:/stm32/gcc-arm-none-eabi-9-2019-q4-major-win32/bin/../lib/gcc/arm-none-eabi/9.2.1/thumb/v7-m/nofp/crtn.o
                0x0800c29c                . = ALIGN (0x4)
                0x0800c29c                _etext = .

.vfp11_veneer   0x0800c29c        0x0
 .vfp11_veneer  0x0800c29c        0x0 linker stubs

.v4_bx          0x0800c29c        0x0
 .v4_bx         0x0800c29c        0x0 linker stubs

.iplt           0x0800c29c        0x0
 .iplt          0x0800c29c        0x0 d:/stm32/gcc-arm-none-eabi-9-2019-q4-major-win32/bin/../lib/gcc/arm-none-eabi/9.2.1/thumb/v7-m/nofp/crtbegin.o

.rodata         0x0800c2a0     0x1140
                0x0800c2a0                . = ALIGN (0x4)
 *(.rodata)
 *(.rodata*)
 .rodata.aPLLMULFactorTable.6687
                0x0800c2a0       0x10 CMakeFiles/HAL_STM32F103ZET6.elf.dir/Drivers/STM32F1xx_HAL_Driver/Src/stm32f1xx_hal_rcc.c.obj
 .rodata.aPredivFactorTable.6688
                0x0800c2b0        0x2 CMakeFiles/HAL_STM32F103ZET6.elf.dir/Drivers/STM32F1xx_HAL_Driver/Src/stm32f1xx_hal_rcc.c.obj
 *fill*         0x0800c2b2        0x2 
 .rodata.aPLLMULFactorTable.6622
                0x0800c2b4       0x10 CMakeFiles/HAL_STM32F103ZET6.elf.dir/Drivers/STM32F1xx_HAL_Driver/Src/stm32f1xx_hal_rcc_ex.c.obj
 .rodata.aPredivFactorTable.6623
                0x0800c2c4        0x2 CMakeFiles/HAL_STM32F103ZET6.elf.dir/Drivers/STM32F1xx_HAL_Driver/Src/stm32f1xx_hal_rcc_ex.c.obj
 *fill*         0x0800c2c6        0x2 
 .rodata.Ali_Yun_Topic.str1.4
                0x0800c2c8       0xa5 CMakeFiles/HAL_STM32F103ZET6.elf.dir/Src/aliyun.c.obj
 *fill*         0x0800c36d        0x3 
 .rodata.Ali_Yun_Init.str1.4
                0x0800c370      0x142 CMakeFiles/HAL_STM32F103ZET6.elf.dir/Src/aliyun.c.obj
 *fill*         0x0800c4b2        0x2 
 .rodata.ESP8266_Init.str1.4
                0x0800c4b4       0x60 CMakeFiles/HAL_STM32F103ZET6.elf.dir/Src/esp8266.c.obj
                                 0x64 (size before relaxing)
 .rodata.main.str1.4
                0x0800c514       0xee CMakeFiles/HAL_STM32F103ZET6.elf.dir/Src/main.c.obj
                                 0xf2 (size before relaxing)
 *fill*         0x0800c602        0x2 
 .rodata.AIR    0x0800c604       0x80 CMakeFiles/HAL_STM32F103ZET6.elf.dir/Src/oledfont.c.obj
                0x0800c604                AIR
 .rodata.C      0x0800c684       0x40 CMakeFiles/HAL_STM32F103ZET6.elf.dir/Src/oledfont.c.obj
                0x0800c684                C
 .rodata.F6x8   0x0800c6c4      0x228 CMakeFiles/HAL_STM32F103ZET6.elf.dir/Src/oledfont.c.obj
                0x0800c6c4                F6x8
 .rodata.F8X16  0x0800c8ec      0x5f0 CMakeFiles/HAL_STM32F103ZET6.elf.dir/Src/oledfont.c.obj
                0x0800c8ec                F8X16
 .rodata.HUM    0x0800cedc       0x80 CMakeFiles/HAL_STM32F103ZET6.elf.dir/Src/oledfont.c.obj
                0x0800cedc                HUM
 .rodata.LIGHT  0x0800cf5c      0x100 CMakeFiles/HAL_STM32F103ZET6.elf.dir/Src/oledfont.c.obj
                0x0800cf5c                LIGHT
 .rodata.MAO    0x0800d05c       0x40 CMakeFiles/HAL_STM32F103ZET6.elf.dir/Src/oledfont.c.obj
                0x0800d05c                MAO
 .rodata.TEMP   0x0800d09c       0x80 CMakeFiles/HAL_STM32F103ZET6.elf.dir/Src/oledfont.c.obj
                0x0800d09c                TEMP
 .rodata.AHBPrescTable
                0x0800d11c       0x10 CMakeFiles/HAL_STM32F103ZET6.elf.dir/Src/system_stm32f1xx.c.obj
                0x0800d11c                AHBPrescTable
 .rodata.APBPrescTable
                0x0800d12c        0x8 CMakeFiles/HAL_STM32F103ZET6.elf.dir/Src/system_stm32f1xx.c.obj
                0x0800d12c                APBPrescTable
 .rodata._global_impure_ptr
                0x0800d134        0x4 d:/stm32/gcc-arm-none-eabi-9-2019-q4-major-win32/bin/../lib/gcc/arm-none-eabi/9.2.1/../../../../arm-none-eabi/lib/thumb/v7-m/nofp\libg.a(lib_a-impure.o)
                0x0800d134                _global_impure_ptr
 .rodata._puts_r.str1.4
                0x0800d138       0xee d:/stm32/gcc-arm-none-eabi-9-2019-q4-major-win32/bin/../lib/gcc/arm-none-eabi/9.2.1/../../../../arm-none-eabi/lib/thumb/v7-m/nofp\libg.a(lib_a-puts.o)
                                  0x2 (size before relaxing)
 .rodata._svfprintf_r.str1.4
                0x0800d138       0x42 d:/stm32/gcc-arm-none-eabi-9-2019-q4-major-win32/bin/../lib/gcc/arm-none-eabi/9.2.1/../../../../arm-none-eabi/lib/thumb/v7-m/nofp\libg.a(lib_a-svfprintf.o)
 *fill*         0x0800d17a        0x2 
 .rodata.blanks.7345
                0x0800d17c       0x10 d:/stm32/gcc-arm-none-eabi-9-2019-q4-major-win32/bin/../lib/gcc/arm-none-eabi/9.2.1/../../../../arm-none-eabi/lib/thumb/v7-m/nofp\libg.a(lib_a-svfprintf.o)
 .rodata.zeroes.7346
                0x0800d18c       0x10 d:/stm32/gcc-arm-none-eabi-9-2019-q4-major-win32/bin/../lib/gcc/arm-none-eabi/9.2.1/../../../../arm-none-eabi/lib/thumb/v7-m/nofp\libg.a(lib_a-svfprintf.o)
 .rodata._vfprintf_r.str1.4
                0x0800d19c       0x42 d:/stm32/gcc-arm-none-eabi-9-2019-q4-major-win32/bin/../lib/gcc/arm-none-eabi/9.2.1/../../../../arm-none-eabi/lib/thumb/v7-m/nofp\libg.a(lib_a-vfprintf.o)
 .rodata.blanks.7360
                0x0800d19c       0x10 d:/stm32/gcc-arm-none-eabi-9-2019-q4-major-win32/bin/../lib/gcc/arm-none-eabi/9.2.1/../../../../arm-none-eabi/lib/thumb/v7-m/nofp\libg.a(lib_a-vfprintf.o)
 .rodata.zeroes.7361
                0x0800d1ac       0x10 d:/stm32/gcc-arm-none-eabi-9-2019-q4-major-win32/bin/../lib/gcc/arm-none-eabi/9.2.1/../../../../arm-none-eabi/lib/thumb/v7-m/nofp\libg.a(lib_a-vfprintf.o)
 .rodata._dtoa_r.str1.4
                0x0800d1bc        0xd d:/stm32/gcc-arm-none-eabi-9-2019-q4-major-win32/bin/../lib/gcc/arm-none-eabi/9.2.1/../../../../arm-none-eabi/lib/thumb/v7-m/nofp\libg.a(lib_a-dtoa.o)
                                 0x12 (size before relaxing)
 *fill*         0x0800d1c9        0x7 
 .rodata.__mprec_bigtens
                0x0800d1d0       0x28 d:/stm32/gcc-arm-none-eabi-9-2019-q4-major-win32/bin/../lib/gcc/arm-none-eabi/9.2.1/../../../../arm-none-eabi/lib/thumb/v7-m/nofp\libg.a(lib_a-mprec.o)
                0x0800d1d0                __mprec_bigtens
 .rodata.__mprec_tens
                0x0800d1f8       0xc8 d:/stm32/gcc-arm-none-eabi-9-2019-q4-major-win32/bin/../lib/gcc/arm-none-eabi/9.2.1/../../../../arm-none-eabi/lib/thumb/v7-m/nofp\libg.a(lib_a-mprec.o)
                0x0800d1f8                __mprec_tens
 .rodata.p05.6115
                0x0800d2c0        0xc d:/stm32/gcc-arm-none-eabi-9-2019-q4-major-win32/bin/../lib/gcc/arm-none-eabi/9.2.1/../../../../arm-none-eabi/lib/thumb/v7-m/nofp\libg.a(lib_a-mprec.o)
 .rodata._setlocale_r.str1.4
                0x0800d2cc        0xa d:/stm32/gcc-arm-none-eabi-9-2019-q4-major-win32/bin/../lib/gcc/arm-none-eabi/9.2.1/../../../../arm-none-eabi/lib/thumb/v7-m/nofp\libg.a(lib_a-locale.o)
                                  0xd (size before relaxing)
 *fill*         0x0800d2d6        0x2 
 .rodata.str1.4
                0x0800d2d8        0x2 d:/stm32/gcc-arm-none-eabi-9-2019-q4-major-win32/bin/../lib/gcc/arm-none-eabi/9.2.1/../../../../arm-none-eabi/lib/thumb/v7-m/nofp\libg.a(lib_a-locale.o)
 *fill*         0x0800d2da        0x2 
 .rodata._ctype_
                0x0800d2dc      0x101 d:/stm32/gcc-arm-none-eabi-9-2019-q4-major-win32/bin/../lib/gcc/arm-none-eabi/9.2.1/../../../../arm-none-eabi/lib/thumb/v7-m/nofp\libg.a(lib_a-ctype_.o)
                0x0800d2dc                _ctype_
                0x0800d3e0                . = ALIGN (0x4)
 *fill*         0x0800d3dd        0x3 

.ARM.extab
 *(.ARM.extab* .gnu.linkonce.armextab.*)

.ARM            0x0800d3e0        0x8
                0x0800d3e0                __exidx_start = .
 *(.ARM.exidx*)
 .ARM.exidx     0x0800d3e0        0x8 d:/stm32/gcc-arm-none-eabi-9-2019-q4-major-win32/bin/../lib/gcc/arm-none-eabi/9.2.1/thumb/v7-m/nofp\libgcc.a(_udivmoddi4.o)
                0x0800d3e8                __exidx_end = .

.rel.dyn        0x0800d3e8        0x0
 .rel.iplt      0x0800d3e8        0x0 d:/stm32/gcc-arm-none-eabi-9-2019-q4-major-win32/bin/../lib/gcc/arm-none-eabi/9.2.1/thumb/v7-m/nofp/crtbegin.o

.preinit_array  0x0800d3e8        0x0
                0x0800d3e8                PROVIDE (__preinit_array_start = .)
 *(.preinit_array*)
                0x0800d3e8                PROVIDE (__preinit_array_end = .)

.init_array     0x0800d3e8        0x8
                0x0800d3e8                PROVIDE (__init_array_start = .)
 *(SORT_BY_NAME(.init_array.*))
 .init_array.00000
                0x0800d3e8        0x4 d:/stm32/gcc-arm-none-eabi-9-2019-q4-major-win32/bin/../lib/gcc/arm-none-eabi/9.2.1/../../../../arm-none-eabi/lib/thumb/v7-m/nofp\libg.a(lib_a-__call_atexit.o)
 *(.init_array*)
 .init_array    0x0800d3ec        0x4 d:/stm32/gcc-arm-none-eabi-9-2019-q4-major-win32/bin/../lib/gcc/arm-none-eabi/9.2.1/thumb/v7-m/nofp/crtbegin.o
                0x0800d3f0                PROVIDE (__init_array_end = .)

.fini_array     0x0800d3f0        0x4
                0x0800d3f0                PROVIDE (__fini_array_start = .)
 *(SORT_BY_NAME(.fini_array.*))
 *(.fini_array*)
 .fini_array    0x0800d3f0        0x4 d:/stm32/gcc-arm-none-eabi-9-2019-q4-major-win32/bin/../lib/gcc/arm-none-eabi/9.2.1/thumb/v7-m/nofp/crtbegin.o
                0x0800d3f4                PROVIDE (__fini_array_end = .)
                0x0800d3f4                _sidata = LOADADDR (.data)

.data           0x20000000      0x9d8 load address 0x0800d3f4
                0x20000000                . = ALIGN (0x4)
                0x20000000                _sdata = .
 *(.data)
 *(.data*)
 .data.uwTickFreq
                0x20000000        0x1 CMakeFiles/HAL_STM32F103ZET6.elf.dir/Drivers/STM32F1xx_HAL_Driver/Src/stm32f1xx_hal.c.obj
                0x20000000                uwTickFreq
 *fill*         0x20000001        0x3 
 .data.uwTickPrio
                0x20000004        0x4 CMakeFiles/HAL_STM32F103ZET6.elf.dir/Drivers/STM32F1xx_HAL_Driver/Src/stm32f1xx_hal.c.obj
                0x20000004                uwTickPrio
 .data.CMD_Data
                0x20000008       0x1b CMakeFiles/HAL_STM32F103ZET6.elf.dir/Src/oled.c.obj
                0x20000008                CMD_Data
 *fill*         0x20000023        0x1 
 .data.SystemCoreClock
                0x20000024        0x4 CMakeFiles/HAL_STM32F103ZET6.elf.dir/Src/system_stm32f1xx.c.obj
                0x20000024                SystemCoreClock
 .data._impure_ptr
                0x20000028        0x4 d:/stm32/gcc-arm-none-eabi-9-2019-q4-major-win32/bin/../lib/gcc/arm-none-eabi/9.2.1/../../../../arm-none-eabi/lib/thumb/v7-m/nofp\libg.a(lib_a-impure.o)
                0x20000028                _impure_ptr
 *fill*         0x2000002c        0x4 
 .data.impure_data
                0x20000030      0x428 d:/stm32/gcc-arm-none-eabi-9-2019-q4-major-win32/bin/../lib/gcc/arm-none-eabi/9.2.1/../../../../arm-none-eabi/lib/thumb/v7-m/nofp\libg.a(lib_a-impure.o)
 .data.__atexit_recursive_mutex
                0x20000458        0x4 d:/stm32/gcc-arm-none-eabi-9-2019-q4-major-win32/bin/../lib/gcc/arm-none-eabi/9.2.1/../../../../arm-none-eabi/lib/thumb/v7-m/nofp\libg.a(lib_a-__call_atexit.o)
                0x20000458                __atexit_recursive_mutex
 .data.__malloc_av_
                0x2000045c      0x408 d:/stm32/gcc-arm-none-eabi-9-2019-q4-major-win32/bin/../lib/gcc/arm-none-eabi/9.2.1/../../../../arm-none-eabi/lib/thumb/v7-m/nofp\libg.a(lib_a-mallocr.o)
                0x2000045c                __malloc_av_
 .data.__malloc_sbrk_base
                0x20000864        0x4 d:/stm32/gcc-arm-none-eabi-9-2019-q4-major-win32/bin/../lib/gcc/arm-none-eabi/9.2.1/../../../../arm-none-eabi/lib/thumb/v7-m/nofp\libg.a(lib_a-mallocr.o)
                0x20000864                __malloc_sbrk_base
 .data.__malloc_trim_threshold
                0x20000868        0x4 d:/stm32/gcc-arm-none-eabi-9-2019-q4-major-win32/bin/../lib/gcc/arm-none-eabi/9.2.1/../../../../arm-none-eabi/lib/thumb/v7-m/nofp\libg.a(lib_a-mallocr.o)
                0x20000868                __malloc_trim_threshold
 .data.__global_locale
                0x2000086c      0x16c d:/stm32/gcc-arm-none-eabi-9-2019-q4-major-win32/bin/../lib/gcc/arm-none-eabi/9.2.1/../../../../arm-none-eabi/lib/thumb/v7-m/nofp\libg.a(lib_a-locale.o)
                0x2000086c                __global_locale
                0x200009d8                . = ALIGN (0x4)
                0x200009d8                _edata = .

.igot.plt       0x200009d8        0x0 load address 0x0800ddcc
 .igot.plt      0x200009d8        0x0 d:/stm32/gcc-arm-none-eabi-9-2019-q4-major-win32/bin/../lib/gcc/arm-none-eabi/9.2.1/thumb/v7-m/nofp/crtbegin.o
                0x200009d8                . = ALIGN (0x4)

.bss            0x200009d8      0x6a8 load address 0x0800ddcc
                0x200009d8                _sbss = .
                0x200009d8                __bss_start__ = _sbss
 *(.bss)
 .bss           0x200009d8       0x1c d:/stm32/gcc-arm-none-eabi-9-2019-q4-major-win32/bin/../lib/gcc/arm-none-eabi/9.2.1/thumb/v7-m/nofp/crtbegin.o
 *(.bss*)
 .bss.uwTick    0x200009f4        0x4 CMakeFiles/HAL_STM32F103ZET6.elf.dir/Drivers/STM32F1xx_HAL_Driver/Src/stm32f1xx_hal.c.obj
                0x200009f4                uwTick
 .bss.BUF       0x200009f8        0x3 CMakeFiles/HAL_STM32F103ZET6.elf.dir/Src/bh1750.c.obj
                0x200009f8                BUF
 .bss.mcy       0x200009fb        0x1 CMakeFiles/HAL_STM32F103ZET6.elf.dir/Src/bh1750.c.obj
                0x200009fb                mcy
 .bss.EspBuff   0x200009fc      0x400 CMakeFiles/HAL_STM32F103ZET6.elf.dir/Src/esp8266.c.obj
                0x200009fc                EspBuff
 .bss.EspCnt    0x20000dfc        0x2 CMakeFiles/HAL_STM32F103ZET6.elf.dir/Src/esp8266.c.obj
                0x20000dfc                EspCnt
 *fill*         0x20000dfe        0x2 
 .bss.hi2c1     0x20000e00       0x54 CMakeFiles/HAL_STM32F103ZET6.elf.dir/Src/i2c.c.obj
                0x20000e00                hi2c1
 .bss.hi2c2     0x20000e54       0x54 CMakeFiles/HAL_STM32F103ZET6.elf.dir/Src/i2c.c.obj
                0x20000e54                hi2c2
 .bss.hrtc      0x20000ea8       0x14 CMakeFiles/HAL_STM32F103ZET6.elf.dir/Src/rtc.c.obj
                0x20000ea8                hrtc
 .bss.heap_end.6023
                0x20000ebc        0x4 CMakeFiles/HAL_STM32F103ZET6.elf.dir/Src/syscalls.c.obj
 .bss.htim1     0x20000ec0       0x48 CMakeFiles/HAL_STM32F103ZET6.elf.dir/Src/tim.c.obj
                0x20000ec0                htim1
 .bss.htim2     0x20000f08       0x48 CMakeFiles/HAL_STM32F103ZET6.elf.dir/Src/tim.c.obj
                0x20000f08                htim2
 .bss.hdma_usart2_rx
                0x20000f50       0x44 CMakeFiles/HAL_STM32F103ZET6.elf.dir/Src/usart.c.obj
                0x20000f50                hdma_usart2_rx
 .bss.huart1    0x20000f94       0x48 CMakeFiles/HAL_STM32F103ZET6.elf.dir/Src/usart.c.obj
                0x20000f94                huart1
 .bss.huart2    0x20000fdc       0x48 CMakeFiles/HAL_STM32F103ZET6.elf.dir/Src/usart.c.obj
                0x20000fdc                huart2
 .bss.__malloc_current_mallinfo
                0x20001024       0x28 d:/stm32/gcc-arm-none-eabi-9-2019-q4-major-win32/bin/../lib/gcc/arm-none-eabi/9.2.1/../../../../arm-none-eabi/lib/thumb/v7-m/nofp\libg.a(lib_a-mallocr.o)
                0x20001024                __malloc_current_mallinfo
 .bss.__malloc_max_sbrked_mem
                0x2000104c        0x4 d:/stm32/gcc-arm-none-eabi-9-2019-q4-major-win32/bin/../lib/gcc/arm-none-eabi/9.2.1/../../../../arm-none-eabi/lib/thumb/v7-m/nofp\libg.a(lib_a-mallocr.o)
                0x2000104c                __malloc_max_sbrked_mem
 .bss.__malloc_max_total_mem
                0x20001050        0x4 d:/stm32/gcc-arm-none-eabi-9-2019-q4-major-win32/bin/../lib/gcc/arm-none-eabi/9.2.1/../../../../arm-none-eabi/lib/thumb/v7-m/nofp\libg.a(lib_a-mallocr.o)
                0x20001050                __malloc_max_total_mem
 .bss.__malloc_top_pad
                0x20001054        0x4 d:/stm32/gcc-arm-none-eabi-9-2019-q4-major-win32/bin/../lib/gcc/arm-none-eabi/9.2.1/../../../../arm-none-eabi/lib/thumb/v7-m/nofp\libg.a(lib_a-mallocr.o)
                0x20001054                __malloc_top_pad
 *(COMMON)
 COMMON         0x20001058       0x21 d:/stm32/gcc-arm-none-eabi-9-2019-q4-major-win32/bin/../lib/gcc/arm-none-eabi/9.2.1/../../../../arm-none-eabi/lib/thumb/v7-m/nofp\libg.a(lib_a-lock.o)
                0x20001058                __lock___atexit_recursive_mutex
                0x2000105c                __lock___arc4random_mutex
                0x20001060                __lock___env_recursive_mutex
                0x20001064                __lock___sinit_recursive_mutex
                0x20001068                __lock___malloc_recursive_mutex
                0x2000106c                __lock___at_quick_exit_mutex
                0x20001070                __lock___dd_hash_mutex
                0x20001074                __lock___tz_mutex
                0x20001078                __lock___sfp_recursive_mutex
 *fill*         0x20001079        0x3 
 COMMON         0x2000107c        0x4 d:/stm32/gcc-arm-none-eabi-9-2019-q4-major-win32/bin/../lib/gcc/arm-none-eabi/9.2.1/../../../../arm-none-eabi/lib/thumb/v7-m/nofp\libg.a(lib_a-reent.o)
                0x2000107c                errno
                0x20001080                . = ALIGN (0x4)
                0x20001080                _ebss = .
                0x20001080                __bss_end__ = _ebss

._user_heap_stack
                0x20001080      0x600 load address 0x0800ddcc
                0x20001080                . = ALIGN (0x8)
                0x20001080                PROVIDE (end = .)
                [!provide]                PROVIDE (_end = .)
                0x20001280                . = (. + _Min_Heap_Size)
 *fill*         0x20001080      0x200 
                0x20001680                . = (. + _Min_Stack_Size)
 *fill*         0x20001280      0x400 
                0x20001680                . = ALIGN (0x8)

/DISCARD/
 libc.a(*)
 libm.a(*)
 libgcc.a(*)

.ARM.attributes
                0x00000000       0x29
 *(.ARM.attributes)
 .ARM.attributes
                0x00000000       0x1d d:/stm32/gcc-arm-none-eabi-9-2019-q4-major-win32/bin/../lib/gcc/arm-none-eabi/9.2.1/thumb/v7-m/nofp/crti.o
 .ARM.attributes
                0x0000001d       0x2d d:/stm32/gcc-arm-none-eabi-9-2019-q4-major-win32/bin/../lib/gcc/arm-none-eabi/9.2.1/thumb/v7-m/nofp/crtbegin.o
 .ARM.attributes
                0x0000004a       0x2d CMakeFiles/HAL_STM32F103ZET6.elf.dir/Drivers/STM32F1xx_HAL_Driver/Src/stm32f1xx_hal.c.obj
 .ARM.attributes
                0x00000077       0x2d CMakeFiles/HAL_STM32F103ZET6.elf.dir/Drivers/STM32F1xx_HAL_Driver/Src/stm32f1xx_hal_cortex.c.obj
 .ARM.attributes
                0x000000a4       0x2d CMakeFiles/HAL_STM32F103ZET6.elf.dir/Drivers/STM32F1xx_HAL_Driver/Src/stm32f1xx_hal_dma.c.obj
 .ARM.attributes
                0x000000d1       0x2d CMakeFiles/HAL_STM32F103ZET6.elf.dir/Drivers/STM32F1xx_HAL_Driver/Src/stm32f1xx_hal_gpio.c.obj
 .ARM.attributes
                0x000000fe       0x2d CMakeFiles/HAL_STM32F103ZET6.elf.dir/Drivers/STM32F1xx_HAL_Driver/Src/stm32f1xx_hal_i2c.c.obj
 .ARM.attributes
                0x0000012b       0x2d CMakeFiles/HAL_STM32F103ZET6.elf.dir/Drivers/STM32F1xx_HAL_Driver/Src/stm32f1xx_hal_pwr.c.obj
 .ARM.attributes
                0x00000158       0x2d CMakeFiles/HAL_STM32F103ZET6.elf.dir/Drivers/STM32F1xx_HAL_Driver/Src/stm32f1xx_hal_rcc.c.obj
 .ARM.attributes
                0x00000185       0x2d CMakeFiles/HAL_STM32F103ZET6.elf.dir/Drivers/STM32F1xx_HAL_Driver/Src/stm32f1xx_hal_rcc_ex.c.obj
 .ARM.attributes
                0x000001b2       0x2d CMakeFiles/HAL_STM32F103ZET6.elf.dir/Drivers/STM32F1xx_HAL_Driver/Src/stm32f1xx_hal_rtc.c.obj
 .ARM.attributes
                0x000001df       0x2d CMakeFiles/HAL_STM32F103ZET6.elf.dir/Drivers/STM32F1xx_HAL_Driver/Src/stm32f1xx_hal_tim.c.obj
 .ARM.attributes
                0x0000020c       0x2d CMakeFiles/HAL_STM32F103ZET6.elf.dir/Drivers/STM32F1xx_HAL_Driver/Src/stm32f1xx_hal_tim_ex.c.obj
 .ARM.attributes
                0x00000239       0x2d CMakeFiles/HAL_STM32F103ZET6.elf.dir/Drivers/STM32F1xx_HAL_Driver/Src/stm32f1xx_hal_uart.c.obj
 .ARM.attributes
                0x00000266       0x2d CMakeFiles/HAL_STM32F103ZET6.elf.dir/Src/aliyun.c.obj
 .ARM.attributes
                0x00000293       0x2d CMakeFiles/HAL_STM32F103ZET6.elf.dir/Src/bh1750.c.obj
 .ARM.attributes
                0x000002c0       0x2d CMakeFiles/HAL_STM32F103ZET6.elf.dir/Src/dht11.c.obj
 .ARM.attributes
                0x000002ed       0x2d CMakeFiles/HAL_STM32F103ZET6.elf.dir/Src/dma.c.obj
 .ARM.attributes
                0x0000031a       0x2d CMakeFiles/HAL_STM32F103ZET6.elf.dir/Src/esp8266.c.obj
 .ARM.attributes
                0x00000347       0x2d CMakeFiles/HAL_STM32F103ZET6.elf.dir/Src/gpio.c.obj
 .ARM.attributes
                0x00000374       0x2d CMakeFiles/HAL_STM32F103ZET6.elf.dir/Src/i2c.c.obj
 .ARM.attributes
                0x000003a1       0x2d CMakeFiles/HAL_STM32F103ZET6.elf.dir/Src/main.c.obj
 .ARM.attributes
                0x000003ce       0x2d CMakeFiles/HAL_STM32F103ZET6.elf.dir/Src/oled.c.obj
 .ARM.attributes
                0x000003fb       0x33 CMakeFiles/HAL_STM32F103ZET6.elf.dir/Src/oledfont.c.obj
 .ARM.attributes
                0x0000042e       0x2d CMakeFiles/HAL_STM32F103ZET6.elf.dir/Src/rtc.c.obj
 .ARM.attributes
                0x0000045b       0x2d CMakeFiles/HAL_STM32F103ZET6.elf.dir/Src/sgp30.c.obj
 .ARM.attributes
                0x00000488       0x2d CMakeFiles/HAL_STM32F103ZET6.elf.dir/Src/stm32f1xx_hal_msp.c.obj
 .ARM.attributes
                0x000004b5       0x2d CMakeFiles/HAL_STM32F103ZET6.elf.dir/Src/stm32f1xx_it.c.obj
 .ARM.attributes
                0x000004e2       0x2d CMakeFiles/HAL_STM32F103ZET6.elf.dir/Src/syscalls.c.obj
 .ARM.attributes
                0x0000050f       0x2d CMakeFiles/HAL_STM32F103ZET6.elf.dir/Src/system_stm32f1xx.c.obj
 .ARM.attributes
                0x0000053c       0x2d CMakeFiles/HAL_STM32F103ZET6.elf.dir/Src/tim.c.obj
 .ARM.attributes
                0x00000569       0x2d CMakeFiles/HAL_STM32F103ZET6.elf.dir/Src/usart.c.obj
 .ARM.attributes
                0x00000596       0x21 CMakeFiles/HAL_STM32F103ZET6.elf.dir/startup/startup_stm32f103xe.s.obj
 .ARM.attributes
                0x000005b7       0x1d d:/stm32/gcc-arm-none-eabi-9-2019-q4-major-win32/bin/../lib/gcc/arm-none-eabi/9.2.1/thumb/v7-m/nofp\libgcc.a(_arm_addsubdf3.o)
 .ARM.attributes
                0x000005d4       0x1d d:/stm32/gcc-arm-none-eabi-9-2019-q4-major-win32/bin/../lib/gcc/arm-none-eabi/9.2.1/thumb/v7-m/nofp\libgcc.a(_arm_muldivdf3.o)
 .ARM.attributes
                0x000005f1       0x1d d:/stm32/gcc-arm-none-eabi-9-2019-q4-major-win32/bin/../lib/gcc/arm-none-eabi/9.2.1/thumb/v7-m/nofp\libgcc.a(_arm_fixunsdfsi.o)
 .ARM.attributes
                0x0000060e       0x1d d:/stm32/gcc-arm-none-eabi-9-2019-q4-major-win32/bin/../lib/gcc/arm-none-eabi/9.2.1/thumb/v7-m/nofp\libgcc.a(_arm_addsubsf3.o)
 .ARM.attributes
                0x0000062b       0x2d d:/stm32/gcc-arm-none-eabi-9-2019-q4-major-win32/bin/../lib/gcc/arm-none-eabi/9.2.1/../../../../arm-none-eabi/lib/thumb/v7-m/nofp\libg.a(lib_a-errno.o)
 .ARM.attributes
                0x00000658       0x2d d:/stm32/gcc-arm-none-eabi-9-2019-q4-major-win32/bin/../lib/gcc/arm-none-eabi/9.2.1/../../../../arm-none-eabi/lib/thumb/v7-m/nofp\libg.a(lib_a-impure.o)
 .ARM.attributes
                0x00000685       0x2d d:/stm32/gcc-arm-none-eabi-9-2019-q4-major-win32/bin/../lib/gcc/arm-none-eabi/9.2.1/../../../../arm-none-eabi/lib/thumb/v7-m/nofp\libg.a(lib_a-init.o)
 .ARM.attributes
                0x000006b2       0x2d d:/stm32/gcc-arm-none-eabi-9-2019-q4-major-win32/bin/../lib/gcc/arm-none-eabi/9.2.1/../../../../arm-none-eabi/lib/thumb/v7-m/nofp\libg.a(lib_a-memset.o)
 .ARM.attributes
                0x000006df       0x2d d:/stm32/gcc-arm-none-eabi-9-2019-q4-major-win32/bin/../lib/gcc/arm-none-eabi/9.2.1/../../../../arm-none-eabi/lib/thumb/v7-m/nofp\libg.a(lib_a-printf.o)
 .ARM.attributes
                0x0000070c       0x2d d:/stm32/gcc-arm-none-eabi-9-2019-q4-major-win32/bin/../lib/gcc/arm-none-eabi/9.2.1/../../../../arm-none-eabi/lib/thumb/v7-m/nofp\libg.a(lib_a-puts.o)
 .ARM.attributes
                0x00000739       0x2d d:/stm32/gcc-arm-none-eabi-9-2019-q4-major-win32/bin/../lib/gcc/arm-none-eabi/9.2.1/../../../../arm-none-eabi/lib/thumb/v7-m/nofp\libg.a(lib_a-snprintf.o)
 .ARM.attributes
                0x00000766       0x2d d:/stm32/gcc-arm-none-eabi-9-2019-q4-major-win32/bin/../lib/gcc/arm-none-eabi/9.2.1/../../../../arm-none-eabi/lib/thumb/v7-m/nofp\libg.a(lib_a-strlen-stub.o)
 .ARM.attributes
                0x00000793       0x2d d:/stm32/gcc-arm-none-eabi-9-2019-q4-major-win32/bin/../lib/gcc/arm-none-eabi/9.2.1/../../../../arm-none-eabi/lib/thumb/v7-m/nofp\libg.a(lib_a-strstr.o)
 .ARM.attributes
                0x000007c0       0x2d d:/stm32/gcc-arm-none-eabi-9-2019-q4-major-win32/bin/../lib/gcc/arm-none-eabi/9.2.1/../../../../arm-none-eabi/lib/thumb/v7-m/nofp\libg.a(lib_a-svfprintf.o)
 .ARM.attributes
                0x000007ed       0x2d d:/stm32/gcc-arm-none-eabi-9-2019-q4-major-win32/bin/../lib/gcc/arm-none-eabi/9.2.1/../../../../arm-none-eabi/lib/thumb/v7-m/nofp\libg.a(lib_a-vfprintf.o)
 .ARM.attributes
                0x0000081a       0x2d d:/stm32/gcc-arm-none-eabi-9-2019-q4-major-win32/bin/../lib/gcc/arm-none-eabi/9.2.1/../../../../arm-none-eabi/lib/thumb/v7-m/nofp\libg.a(lib_a-wsetup.o)
 .ARM.attributes
                0x00000847       0x2d d:/stm32/gcc-arm-none-eabi-9-2019-q4-major-win32/bin/../lib/gcc/arm-none-eabi/9.2.1/../../../../arm-none-eabi/lib/thumb/v7-m/nofp\libg.a(lib_a-__call_atexit.o)
 .ARM.attributes
                0x00000874       0x2d d:/stm32/gcc-arm-none-eabi-9-2019-q4-major-win32/bin/../lib/gcc/arm-none-eabi/9.2.1/../../../../arm-none-eabi/lib/thumb/v7-m/nofp\libg.a(lib_a-atexit.o)
 .ARM.attributes
                0x000008a1       0x2d d:/stm32/gcc-arm-none-eabi-9-2019-q4-major-win32/bin/../lib/gcc/arm-none-eabi/9.2.1/../../../../arm-none-eabi/lib/thumb/v7-m/nofp\libg.a(lib_a-dtoa.o)
 .ARM.attributes
                0x000008ce       0x2d d:/stm32/gcc-arm-none-eabi-9-2019-q4-major-win32/bin/../lib/gcc/arm-none-eabi/9.2.1/../../../../arm-none-eabi/lib/thumb/v7-m/nofp\libg.a(lib_a-fflush.o)
 .ARM.attributes
                0x000008fb       0x2d d:/stm32/gcc-arm-none-eabi-9-2019-q4-major-win32/bin/../lib/gcc/arm-none-eabi/9.2.1/../../../../arm-none-eabi/lib/thumb/v7-m/nofp\libg.a(lib_a-findfp.o)
 .ARM.attributes
                0x00000928       0x2d d:/stm32/gcc-arm-none-eabi-9-2019-q4-major-win32/bin/../lib/gcc/arm-none-eabi/9.2.1/../../../../arm-none-eabi/lib/thumb/v7-m/nofp\libg.a(lib_a-fini.o)
 .ARM.attributes
                0x00000955       0x2d d:/stm32/gcc-arm-none-eabi-9-2019-q4-major-win32/bin/../lib/gcc/arm-none-eabi/9.2.1/../../../../arm-none-eabi/lib/thumb/v7-m/nofp\libg.a(lib_a-freer.o)
 .ARM.attributes
                0x00000982       0x2d d:/stm32/gcc-arm-none-eabi-9-2019-q4-major-win32/bin/../lib/gcc/arm-none-eabi/9.2.1/../../../../arm-none-eabi/lib/thumb/v7-m/nofp\libg.a(lib_a-fvwrite.o)
 .ARM.attributes
                0x000009af       0x2d d:/stm32/gcc-arm-none-eabi-9-2019-q4-major-win32/bin/../lib/gcc/arm-none-eabi/9.2.1/../../../../arm-none-eabi/lib/thumb/v7-m/nofp\libg.a(lib_a-fwalk.o)
 .ARM.attributes
                0x000009dc       0x2d d:/stm32/gcc-arm-none-eabi-9-2019-q4-major-win32/bin/../lib/gcc/arm-none-eabi/9.2.1/../../../../arm-none-eabi/lib/thumb/v7-m/nofp\libg.a(lib_a-localeconv.o)
 .ARM.attributes
                0x00000a09       0x2d d:/stm32/gcc-arm-none-eabi-9-2019-q4-major-win32/bin/../lib/gcc/arm-none-eabi/9.2.1/../../../../arm-none-eabi/lib/thumb/v7-m/nofp\libg.a(lib_a-lock.o)
 .ARM.attributes
                0x00000a36       0x2d d:/stm32/gcc-arm-none-eabi-9-2019-q4-major-win32/bin/../lib/gcc/arm-none-eabi/9.2.1/../../../../arm-none-eabi/lib/thumb/v7-m/nofp\libg.a(lib_a-makebuf.o)
 .ARM.attributes
                0x00000a63       0x2d d:/stm32/gcc-arm-none-eabi-9-2019-q4-major-win32/bin/../lib/gcc/arm-none-eabi/9.2.1/../../../../arm-none-eabi/lib/thumb/v7-m/nofp\libg.a(lib_a-mallocr.o)
 .ARM.attributes
                0x00000a90       0x2d d:/stm32/gcc-arm-none-eabi-9-2019-q4-major-win32/bin/../lib/gcc/arm-none-eabi/9.2.1/../../../../arm-none-eabi/lib/thumb/v7-m/nofp\libg.a(lib_a-memchr-stub.o)
 .ARM.attributes
                0x00000abd       0x2d d:/stm32/gcc-arm-none-eabi-9-2019-q4-major-win32/bin/../lib/gcc/arm-none-eabi/9.2.1/../../../../arm-none-eabi/lib/thumb/v7-m/nofp\libg.a(lib_a-memcmp.o)
 .ARM.attributes
                0x00000aea       0x1b d:/stm32/gcc-arm-none-eabi-9-2019-q4-major-win32/bin/../lib/gcc/arm-none-eabi/9.2.1/../../../../arm-none-eabi/lib/thumb/v7-m/nofp\libg.a(lib_a-memcpy.o)
 .ARM.attributes